[0.672s] Invoking command in '/home/stywestern/ros2_ws_python/build/my_robot_controller': PYTHONPATH=/home/stywestern/ros2_ws_python/build/my_robot_controller/prefix_override:/usr/lib/python3/dist-packages/colcon_core/task/python/colcon_distutils_commands:/home/stywestern/ros2_ws_python/install/my_robot_controller/lib/python3.10/site-packages:${PYTHONPATH} /usr/bin/python3 -W ignore:setup.py install is deprecated -W ignore:easy_install command is deprecated setup.py develop --editable --build-directory /home/stywestern/ros2_ws_python/build/my_robot_controller/build --no-deps symlink_data
[0.869s] running develop
[0.976s] running egg_info
[0.976s] writing my_robot_controller.egg-info/PKG-INFO
[0.979s] writing dependency_links to my_robot_controller.egg-info/dependency_links.txt
[0.979s] writing entry points to my_robot_controller.egg-info/entry_points.txt
[0.979s] writing requirements to my_robot_controller.egg-info/requires.txt
[0.979s] writing top-level names to my_robot_controller.egg-info/top_level.txt
[0.980s] reading manifest file 'my_robot_controller.egg-info/SOURCES.txt'
[0.981s] writing manifest file 'my_robot_controller.egg-info/SOURCES.txt'
[0.982s] running build_ext
[0.982s] Creating /home/stywestern/ros2_ws_python/install/my_robot_controller/lib/python3.10/site-packages/my-robot-controller.egg-link (link to .)
[0.983s] Installing draw_circle_n script to /home/stywestern/ros2_ws_python/install/my_robot_controller/lib/my_robot_controller
[0.985s] Installing draw_heart_n script to /home/stywestern/ros2_ws_python/install/my_robot_controller/lib/my_robot_controller
[0.985s] Installing pose_subscriber_n script to /home/stywestern/ros2_ws_python/install/my_robot_controller/lib/my_robot_controller
[0.985s] Installing test_node script to /home/stywestern/ros2_ws_python/install/my_robot_controller/lib/my_robot_controller
[0.985s] Installing turtle_controller_n script to /home/stywestern/ros2_ws_python/install/my_robot_controller/lib/my_robot_controller
[0.985s] 
[0.985s] Installed /home/stywestern/ros2_ws_python/build/my_robot_controller
[0.985s] running symlink_data
[1.006s] Invoked command in '/home/stywestern/ros2_ws_python/build/my_robot_controller' returned '0': PYTHONPATH=/home/stywestern/ros2_ws_python/build/my_robot_controller/prefix_override:/usr/lib/python3/dist-packages/colcon_core/task/python/colcon_distutils_commands:/home/stywestern/ros2_ws_python/install/my_robot_controller/lib/python3.10/site-packages:${PYTHONPATH} /usr/bin/python3 -W ignore:setup.py install is deprecated -W ignore:easy_install command is deprecated setup.py develop --editable --build-directory /home/stywestern/ros2_ws_python/build/my_robot_controller/build --no-deps symlink_data
