-- Found rosidl_default_generators: 1.2.0 (/opt/ros/humble/share/rosidl_default_generators/cmake)
-- Found ament_cmake_core: 1.3.12 (/opt/ros/humble/share/ament_cmake_core/cmake)
-- Override CMake install command with custom implementation using symlinks instead of copying resources
-- Using all available rosidl_typesupport_c: rosidl_typesupport_fastrtps_c;rosidl_typesupport_introspection_c
-- Found rosidl_adapter: 3.1.7 (/opt/ros/humble/share/rosidl_adapter/cmake)
-- Using all available rosidl_typesupport_cpp: rosidl_typesupport_fastrtps_cpp;rosidl_typesupport_introspection_cpp
-- Found ament_cmake_ros: 0.10.0 (/opt/ros/humble/share/ament_cmake_ros/cmake)
-- Using all available rosidl_typesupport_c: rosidl_typesupport_fastrtps_c;rosidl_typesupport_introspection_c
-- Using all available rosidl_typesupport_cpp: rosidl_typesupport_fastrtps_cpp;rosidl_typesupport_introspection_cpp
-- Found PythonInterp: /usr/bin/python3 (found suitable version "3.10.12", minimum required is "3.6") 
-- Found python_cmake_module: 0.10.0 (/opt/ros/humble/share/python_cmake_module/cmake)
-- Found PythonLibs: /usr/lib/x86_64-linux-gnu/libpython3.10.so (found suitable version "3.10.12", minimum required is "3.5") 
-- Using PYTHON_EXECUTABLE: /usr/bin/python3
-- Using PYTHON_INCLUDE_DIRS: /usr/include/python3.10
-- Using PYTHON_LIBRARIES: /usr/lib/x86_64-linux-gnu/libpython3.10.so
-- Found PythonExtra: .so  
-- Found rclcpp: 16.0.16 (/opt/ros/humble/share/rclcpp/cmake)
-- Found rmw_implementation_cmake: 6.1.2 (/opt/ros/humble/share/rmw_implementation_cmake/cmake)
-- Found rmw_fastrtps_cpp: 6.2.9 (/opt/ros/humble/share/rmw_fastrtps_cpp/cmake)
-- Using RMW implementation 'rmw_fastrtps_cpp' as default
-- Found std_srvs: 4.9.0 (/opt/ros/humble/share/std_srvs/cmake)
-- Found ament_lint_auto: 0.12.14 (/opt/ros/humble/share/ament_lint_auto/cmake)
-- Added test 'cppcheck' to perform static code analysis on C / C++ code
-- Configured cppcheck include dirs: $<BUILD_INTERFACE:/home/stywestern/defence_ws/src/turret_control/include>
-- Configured cppcheck exclude dirs and/or files: 
-- Added test 'lint_cmake' to check CMake code style
-- Added test 'uncrustify' to check C / C++ code style
-- Configured uncrustify additional arguments: 
-- Added test 'xmllint' to check XML markup files
-- Configuring done
-- Generating done
-- Build files have been written to: /home/stywestern/defence_ws/build/turret_control
[  3%] [34m[1mGenerating C code for ROS interfaces[0m
[35m[1mConsolidate compiler generated dependencies of target turret_node[0m
[  6%] [34m[1mGenerating C++ code for ROS interfaces[0m
[  6%] Built target ament_cmake_python_symlink_turret_control
[  9%] [32mBuilding CXX object CMakeFiles/turret_node.dir/src/turret_node.cpp.o[0m
running egg_info
creating turret_control.egg-info
writing turret_control.egg-info/PKG-INFO
writing dependency_links to turret_control.egg-info/dependency_links.txt
writing top-level names to turret_control.egg-info/top_level.txt
writing manifest file 'turret_control.egg-info/SOURCES.txt'
reading manifest file 'turret_control.egg-info/SOURCES.txt'
writing manifest file 'turret_control.egg-info/SOURCES.txt'
[  9%] Built target ament_cmake_python_build_turret_control_egg
[  9%] Built target turret_control__cpp
[ 12%] [32mBuilding C object CMakeFiles/turret_control__rosidl_generator_c.dir/rosidl_generator_c/turret_control/action/detail/rotate_turret__functions.c.o[0m
[ 15%] [34m[1mGenerating C++ type support dispatch for ROS interfaces[0m
[ 18%] [34m[1mGenerating C++ type support for eProsima Fast-RTPS[0m
[ 21%] [34m[1mGenerating C++ introspection for ROS interfaces[0m
[ 24%] [32m[1mLinking C shared library libturret_control__rosidl_generator_c.so[0m
[ 27%] [32mBuilding CXX object CMakeFiles/turret_control__rosidl_typesupport_cpp.dir/rosidl_typesupport_cpp/turret_control/action/rotate_turret__type_support.cpp.o[0m
[ 30%] [32mBuilding CXX object CMakeFiles/turret_control__rosidl_typesupport_introspection_cpp.dir/rosidl_typesupport_introspection_cpp/turret_control/action/detail/rotate_turret__type_support.cpp.o[0m
[ 30%] Built target turret_control__rosidl_generator_c
[ 36%] [34m[1mGenerating C type support dispatch for ROS interfaces[0m
[ 36%] [34m[1mGenerating C type support for eProsima Fast-RTPS[0m
[ 39%] [34m[1mGenerating C introspection for ROS interfaces[0m
[ 42%] [32mBuilding CXX object CMakeFiles/turret_control__rosidl_typesupport_fastrtps_cpp.dir/rosidl_typesupport_fastrtps_cpp/turret_control/action/detail/dds_fastrtps/rotate_turret__type_support.cpp.o[0m
[ 45%] [32mBuilding CXX object CMakeFiles/turret_control__rosidl_typesupport_c.dir/rosidl_typesupport_c/turret_control/action/rotate_turret__type_support.cpp.o[0m
[ 48%] [32mBuilding C object CMakeFiles/turret_control__rosidl_typesupport_introspection_c.dir/rosidl_typesupport_introspection_c/turret_control/action/detail/rotate_turret__type_support.c.o[0m
[ 51%] [32m[1mLinking CXX shared library libturret_control__rosidl_typesupport_c.so[0m
[ 54%] [32mBuilding CXX object CMakeFiles/turret_control__rosidl_typesupport_fastrtps_c.dir/rosidl_typesupport_fastrtps_c/turret_control/action/detail/rotate_turret__type_support_c.cpp.o[0m
[ 57%] [32m[1mLinking C shared library libturret_control__rosidl_typesupport_introspection_c.so[0m
[ 60%] [32m[1mLinking CXX shared library libturret_control__rosidl_typesupport_cpp.so[0m
[ 60%] Built target turret_control__rosidl_typesupport_c
[ 60%] Built target turret_control__rosidl_typesupport_introspection_c
[ 60%] Built target turret_control__rosidl_typesupport_cpp
[ 63%] [32m[1mLinking CXX shared library libturret_control__rosidl_typesupport_introspection_cpp.so[0m
[ 66%] [32m[1mLinking CXX shared library libturret_control__rosidl_typesupport_fastrtps_cpp.so[0m
[ 66%] Built target turret_control__rosidl_typesupport_introspection_cpp
[ 69%] [32m[1mLinking CXX shared library libturret_control__rosidl_typesupport_fastrtps_c.so[0m
[ 69%] Built target turret_control__rosidl_typesupport_fastrtps_cpp
[ 69%] Built target turret_control__rosidl_typesupport_fastrtps_c
[ 69%] Built target turret_control
[ 72%] [34m[1mGenerating Python code for ROS interfaces[0m
[ 72%] Built target turret_control__py
[ 75%] [32mBuilding C object CMakeFiles/turret_control__rosidl_generator_py.dir/rosidl_generator_py/turret_control/action/_rotate_turret_s.c.o[0m
[ 78%] [32m[1mLinking C shared library rosidl_generator_py/turret_control/libturret_control__rosidl_generator_py.so[0m
[ 78%] Built target turret_control__rosidl_generator_py
[ 81%] [32mBuilding C object CMakeFiles/turret_control__rosidl_typesupport_fastrtps_c__pyext.dir/rosidl_generator_py/turret_control/_turret_control_s.ep.rosidl_typesupport_fastrtps_c.c.o[0m
[ 84%] [32mBuilding C object CMakeFiles/turret_control__rosidl_typesupport_introspection_c__pyext.dir/rosidl_generator_py/turret_control/_turret_control_s.ep.rosidl_typesupport_introspection_c.c.o[0m
[ 87%] [32mBuilding C object CMakeFiles/turret_control__rosidl_typesupport_c__pyext.dir/rosidl_generator_py/turret_control/_turret_control_s.ep.rosidl_typesupport_c.c.o[0m
[ 90%] [32m[1mLinking C shared library rosidl_generator_py/turret_control/turret_control_s__rosidl_typesupport_fastrtps_c.cpython-310-x86_64-linux-gnu.so[0m
[ 93%] [32m[1mLinking C shared library rosidl_generator_py/turret_control/turret_control_s__rosidl_typesupport_introspection_c.cpython-310-x86_64-linux-gnu.so[0m
[ 96%] [32m[1mLinking C shared library rosidl_generator_py/turret_control/turret_control_s__rosidl_typesupport_c.cpython-310-x86_64-linux-gnu.so[0m
[ 96%] Built target turret_control__rosidl_typesupport_fastrtps_c__pyext
[ 96%] Built target turret_control__rosidl_typesupport_introspection_c__pyext
[ 96%] Built target turret_control__rosidl_typesupport_c__pyext
[100%] [32m[1mLinking CXX executable turret_node[0m
[100%] Built target turret_node
-- Install configuration: ""
-- Execute custom install script
-- Symlinking: /home/stywestern/defence_ws/install/turret_control/share/ament_index/resource_index/rosidl_interfaces/turret_control
-- Symlinking: /home/stywestern/defence_ws/install/turret_control/include/turret_control/turret_control/action/detail/rotate_turret__functions.h
-- Symlinking: /home/stywestern/defence_ws/install/turret_control/include/turret_control/turret_control/action/detail/rotate_turret__struct.h
-- Symlinking: /home/stywestern/defence_ws/install/turret_control/include/turret_control/turret_control/action/detail/rotate_turret__type_support.h
-- Symlinking: /home/stywestern/defence_ws/install/turret_control/include/turret_control/turret_control/action/rotate_turret.h
-- Symlinking: /home/stywestern/defence_ws/install/turret_control/include/turret_control/turret_control/msg/rosidl_generator_c__visibility_control.h
-- Symlinking: /home/stywestern/defence_ws/install/turret_control/share/turret_control/environment/library_path.sh
-- Symlinking: /home/stywestern/defence_ws/install/turret_control/share/turret_control/environment/library_path.dsv
-- Symlinking: /home/stywestern/defence_ws/install/turret_control/include/turret_control/turret_control/action/detail/rotate_turret__rosidl_typesupport_fastrtps_c.h
-- Symlinking: /home/stywestern/defence_ws/install/turret_control/include/turret_control/turret_control/msg/rosidl_typesupport_fastrtps_c__visibility_control.h
-- Symlinking: /home/stywestern/defence_ws/install/turret_control/include/turret_control/turret_control/action/detail/rotate_turret__rosidl_typesupport_introspection_c.h
-- Symlinking: /home/stywestern/defence_ws/install/turret_control/include/turret_control/turret_control/msg/rosidl_typesupport_introspection_c__visibility_control.h
-- Symlinking: /home/stywestern/defence_ws/install/turret_control/include/turret_control/turret_control/action/detail/rotate_turret__builder.hpp
-- Symlinking: /home/stywestern/defence_ws/install/turret_control/include/turret_control/turret_control/action/detail/rotate_turret__struct.hpp
-- Symlinking: /home/stywestern/defence_ws/install/turret_control/include/turret_control/turret_control/action/detail/rotate_turret__traits.hpp
-- Symlinking: /home/stywestern/defence_ws/install/turret_control/include/turret_control/turret_control/action/detail/rotate_turret__type_support.hpp
-- Symlinking: /home/stywestern/defence_ws/install/turret_control/include/turret_control/turret_control/action/rotate_turret.hpp
-- Symlinking: /home/stywestern/defence_ws/install/turret_control/include/turret_control/turret_control/msg/rosidl_generator_cpp__visibility_control.hpp
-- Symlinking: /home/stywestern/defence_ws/install/turret_control/include/turret_control/turret_control/action/detail/rotate_turret__rosidl_typesupport_fastrtps_cpp.hpp
-- Symlinking: /home/stywestern/defence_ws/install/turret_control/include/turret_control/turret_control/msg/rosidl_typesupport_fastrtps_cpp__visibility_control.h
-- Symlinking: /home/stywestern/defence_ws/install/turret_control/include/turret_control/turret_control/action/detail/rotate_turret__rosidl_typesupport_introspection_cpp.hpp
-- Symlinking: /home/stywestern/defence_ws/install/turret_control/share/turret_control/environment/pythonpath.sh
-- Symlinking: /home/stywestern/defence_ws/install/turret_control/share/turret_control/environment/pythonpath.dsv
-- Symlinking: /home/stywestern/defence_ws/install/turret_control/local/lib/python3.10/dist-packages/turret_control-0.0.0-py3.10.egg-info/PKG-INFO
-- Symlinking: /home/stywestern/defence_ws/install/turret_control/local/lib/python3.10/dist-packages/turret_control-0.0.0-py3.10.egg-info/SOURCES.txt
-- Symlinking: /home/stywestern/defence_ws/install/turret_control/local/lib/python3.10/dist-packages/turret_control-0.0.0-py3.10.egg-info/dependency_links.txt
-- Symlinking: /home/stywestern/defence_ws/install/turret_control/local/lib/python3.10/dist-packages/turret_control-0.0.0-py3.10.egg-info/top_level.txt
-- Symlinking: /home/stywestern/defence_ws/install/turret_control/local/lib/python3.10/dist-packages/turret_control/__init__.py
-- Symlinking: /home/stywestern/defence_ws/install/turret_control/local/lib/python3.10/dist-packages/turret_control/_turret_control_s.ep.rosidl_typesupport_c.c
-- Symlinking: /home/stywestern/defence_ws/install/turret_control/local/lib/python3.10/dist-packages/turret_control/_turret_control_s.ep.rosidl_typesupport_fastrtps_c.c
-- Symlinking: /home/stywestern/defence_ws/install/turret_control/local/lib/python3.10/dist-packages/turret_control/_turret_control_s.ep.rosidl_typesupport_introspection_c.c
-- Symlinking: /home/stywestern/defence_ws/install/turret_control/local/lib/python3.10/dist-packages/turret_control/action/__init__.py
-- Symlinking: /home/stywestern/defence_ws/install/turret_control/local/lib/python3.10/dist-packages/turret_control/action/_rotate_turret.py
-- Symlinking: /home/stywestern/defence_ws/install/turret_control/local/lib/python3.10/dist-packages/turret_control/action/_rotate_turret_s.c
-- Symlinking: /home/stywestern/defence_ws/install/turret_control/local/lib/python3.10/dist-packages/turret_control/libturret_control__rosidl_generator_py.so
-- Symlinking: /home/stywestern/defence_ws/install/turret_control/local/lib/python3.10/dist-packages/turret_control/turret_control_s__rosidl_typesupport_c.cpython-310-x86_64-linux-gnu.so
-- Symlinking: /home/stywestern/defence_ws/install/turret_control/local/lib/python3.10/dist-packages/turret_control/turret_control_s__rosidl_typesupport_fastrtps_c.cpython-310-x86_64-linux-gnu.so
-- Symlinking: /home/stywestern/defence_ws/install/turret_control/local/lib/python3.10/dist-packages/turret_control/turret_control_s__rosidl_typesupport_introspection_c.cpython-310-x86_64-linux-gnu.so
-- Up-to-date symlink: /home/stywestern/defence_ws/install/turret_control/local/lib/python3.10/dist-packages/turret_control/turret_control_s__rosidl_typesupport_fastrtps_c.cpython-310-x86_64-linux-gnu.so
-- Up-to-date symlink: /home/stywestern/defence_ws/install/turret_control/local/lib/python3.10/dist-packages/turret_control/turret_control_s__rosidl_typesupport_introspection_c.cpython-310-x86_64-linux-gnu.so
-- Up-to-date symlink: /home/stywestern/defence_ws/install/turret_control/local/lib/python3.10/dist-packages/turret_control/turret_control_s__rosidl_typesupport_c.cpython-310-x86_64-linux-gnu.so
-- Symlinking: /home/stywestern/defence_ws/install/turret_control/share/turret_control/action/RotateTurret.idl
-- Symlinking: /home/stywestern/defence_ws/install/turret_control/share/turret_control/action/RotateTurret.action
-- Up-to-date symlink: /home/stywestern/defence_ws/install/turret_control/lib/turret_control/turret_node
-- Up-to-date symlink: /home/stywestern/defence_ws/install/turret_control/share/ament_index/resource_index/package_run_dependencies/turret_control
-- Up-to-date symlink: /home/stywestern/defence_ws/install/turret_control/share/ament_index/resource_index/parent_prefix_path/turret_control
-- Up-to-date symlink: /home/stywestern/defence_ws/install/turret_control/share/turret_control/environment/ament_prefix_path.sh
-- Up-to-date symlink: /home/stywestern/defence_ws/install/turret_control/share/turret_control/environment/ament_prefix_path.dsv
-- Up-to-date symlink: /home/stywestern/defence_ws/install/turret_control/share/turret_control/environment/path.sh
-- Up-to-date symlink: /home/stywestern/defence_ws/install/turret_control/share/turret_control/environment/path.dsv
-- Up-to-date symlink: /home/stywestern/defence_ws/install/turret_control/share/turret_control/local_setup.bash
-- Up-to-date symlink: /home/stywestern/defence_ws/install/turret_control/share/turret_control/local_setup.sh
-- Up-to-date symlink: /home/stywestern/defence_ws/install/turret_control/share/turret_control/local_setup.zsh
-- Up-to-date symlink: /home/stywestern/defence_ws/install/turret_control/share/turret_control/local_setup.dsv
-- Symlinking: /home/stywestern/defence_ws/install/turret_control/share/turret_control/package.dsv
-- Up-to-date symlink: /home/stywestern/defence_ws/install/turret_control/share/ament_index/resource_index/packages/turret_control
-- Symlinking: /home/stywestern/defence_ws/install/turret_control/share/turret_control/cmake/rosidl_cmake-extras.cmake
-- Symlinking: /home/stywestern/defence_ws/install/turret_control/share/turret_control/cmake/ament_cmake_export_dependencies-extras.cmake
-- Symlinking: /home/stywestern/defence_ws/install/turret_control/share/turret_control/cmake/ament_cmake_export_include_directories-extras.cmake
-- Symlinking: /home/stywestern/defence_ws/install/turret_control/share/turret_control/cmake/ament_cmake_export_libraries-extras.cmake
-- Symlinking: /home/stywestern/defence_ws/install/turret_control/share/turret_control/cmake/ament_cmake_export_targets-extras.cmake
-- Symlinking: /home/stywestern/defence_ws/install/turret_control/share/turret_control/cmake/rosidl_cmake_export_typesupport_targets-extras.cmake
-- Symlinking: /home/stywestern/defence_ws/install/turret_control/share/turret_control/cmake/rosidl_cmake_export_typesupport_libraries-extras.cmake
-- Up-to-date symlink: /home/stywestern/defence_ws/install/turret_control/share/turret_control/cmake/turret_controlConfig.cmake
-- Up-to-date symlink: /home/stywestern/defence_ws/install/turret_control/share/turret_control/cmake/turret_controlConfig-version.cmake
-- Up-to-date symlink: /home/stywestern/defence_ws/install/turret_control/share/turret_control/package.xml
-- Installing: /home/stywestern/defence_ws/install/turret_control/lib/libturret_control__rosidl_generator_c.so
-- Set runtime path of "/home/stywestern/defence_ws/install/turret_control/lib/libturret_control__rosidl_generator_c.so" to ""
-- Installing: /home/stywestern/defence_ws/install/turret_control/lib/libturret_control__rosidl_typesupport_fastrtps_c.so
-- Set runtime path of "/home/stywestern/defence_ws/install/turret_control/lib/libturret_control__rosidl_typesupport_fastrtps_c.so" to ""
-- Installing: /home/stywestern/defence_ws/install/turret_control/lib/libturret_control__rosidl_typesupport_introspection_c.so
-- Set runtime path of "/home/stywestern/defence_ws/install/turret_control/lib/libturret_control__rosidl_typesupport_introspection_c.so" to ""
-- Installing: /home/stywestern/defence_ws/install/turret_control/lib/libturret_control__rosidl_typesupport_c.so
-- Set runtime path of "/home/stywestern/defence_ws/install/turret_control/lib/libturret_control__rosidl_typesupport_c.so" to ""
-- Installing: /home/stywestern/defence_ws/install/turret_control/lib/libturret_control__rosidl_typesupport_fastrtps_cpp.so
-- Set runtime path of "/home/stywestern/defence_ws/install/turret_control/lib/libturret_control__rosidl_typesupport_fastrtps_cpp.so" to ""
-- Installing: /home/stywestern/defence_ws/install/turret_control/lib/libturret_control__rosidl_typesupport_introspection_cpp.so
-- Set runtime path of "/home/stywestern/defence_ws/install/turret_control/lib/libturret_control__rosidl_typesupport_introspection_cpp.so" to ""
-- Installing: /home/stywestern/defence_ws/install/turret_control/lib/libturret_control__rosidl_typesupport_cpp.so
-- Set runtime path of "/home/stywestern/defence_ws/install/turret_control/lib/libturret_control__rosidl_typesupport_cpp.so" to ""
Listing '/home/stywestern/defence_ws/install/turret_control/local/lib/python3.10/dist-packages/turret_control'...
Compiling '/home/stywestern/defence_ws/install/turret_control/local/lib/python3.10/dist-packages/turret_control/__init__.py'...
Listing '/home/stywestern/defence_ws/install/turret_control/local/lib/python3.10/dist-packages/turret_control/action'...
Compiling '/home/stywestern/defence_ws/install/turret_control/local/lib/python3.10/dist-packages/turret_control/action/__init__.py'...
Compiling '/home/stywestern/defence_ws/install/turret_control/local/lib/python3.10/dist-packages/turret_control/action/_rotate_turret.py'...
-- Installing: /home/stywestern/defence_ws/install/turret_control/lib/libturret_control__rosidl_generator_py.so
-- Set runtime path of "/home/stywestern/defence_ws/install/turret_control/lib/libturret_control__rosidl_generator_py.so" to ""
-- Installing: /home/stywestern/defence_ws/install/turret_control/share/turret_control/cmake/export_turret_control__rosidl_generator_cExport.cmake
-- Installing: /home/stywestern/defence_ws/install/turret_control/share/turret_control/cmake/export_turret_control__rosidl_generator_cExport-noconfig.cmake
-- Installing: /home/stywestern/defence_ws/install/turret_control/share/turret_control/cmake/export_turret_control__rosidl_typesupport_fastrtps_cExport.cmake
-- Installing: /home/stywestern/defence_ws/install/turret_control/share/turret_control/cmake/export_turret_control__rosidl_typesupport_fastrtps_cExport-noconfig.cmake
-- Installing: /home/stywestern/defence_ws/install/turret_control/share/turret_control/cmake/turret_control__rosidl_typesupport_introspection_cExport.cmake
-- Installing: /home/stywestern/defence_ws/install/turret_control/share/turret_control/cmake/turret_control__rosidl_typesupport_introspection_cExport-noconfig.cmake
-- Installing: /home/stywestern/defence_ws/install/turret_control/share/turret_control/cmake/turret_control__rosidl_typesupport_cExport.cmake
-- Installing: /home/stywestern/defence_ws/install/turret_control/share/turret_control/cmake/turret_control__rosidl_typesupport_cExport-noconfig.cmake
-- Installing: /home/stywestern/defence_ws/install/turret_control/share/turret_control/cmake/export_turret_control__rosidl_generator_cppExport.cmake
-- Installing: /home/stywestern/defence_ws/install/turret_control/share/turret_control/cmake/export_turret_control__rosidl_typesupport_fastrtps_cppExport.cmake
-- Installing: /home/stywestern/defence_ws/install/turret_control/share/turret_control/cmake/export_turret_control__rosidl_typesupport_fastrtps_cppExport-noconfig.cmake
-- Installing: /home/stywestern/defence_ws/install/turret_control/share/turret_control/cmake/turret_control__rosidl_typesupport_introspection_cppExport.cmake
-- Installing: /home/stywestern/defence_ws/install/turret_control/share/turret_control/cmake/turret_control__rosidl_typesupport_introspection_cppExport-noconfig.cmake
-- Installing: /home/stywestern/defence_ws/install/turret_control/share/turret_control/cmake/turret_control__rosidl_typesupport_cppExport.cmake
-- Installing: /home/stywestern/defence_ws/install/turret_control/share/turret_control/cmake/turret_control__rosidl_typesupport_cppExport-noconfig.cmake
-- Installing: /home/stywestern/defence_ws/install/turret_control/share/turret_control/cmake/export_turret_control__rosidl_generator_pyExport.cmake
-- Installing: /home/stywestern/defence_ws/install/turret_control/share/turret_control/cmake/export_turret_control__rosidl_generator_pyExport-noconfig.cmake
