[0.015s] Invoking command in '/home/stywestern/defence_ws/build/turret_control': CMAKE_PREFIX_PATH=/home/stywestern/ros2_ws_python/install/my_robot_controller:/opt/ros/humble /usr/bin/cmake --build /home/stywestern/defence_ws/build/turret_control -- -j20 -l20
[0.121s] -- Found rosidl_default_generators: 1.2.0 (/opt/ros/humble/share/rosidl_default_generators/cmake)
[0.122s] -- Found ament_cmake_core: 1.3.12 (/opt/ros/humble/share/ament_cmake_core/cmake)
[0.243s] -- Override CMake install command with custom implementation using symlinks instead of copying resources
[0.249s] -- Using all available rosidl_typesupport_c: rosidl_typesupport_fastrtps_c;rosidl_typesupport_introspection_c
[0.255s] -- Found rosidl_adapter: 3.1.7 (/opt/ros/humble/share/rosidl_adapter/cmake)
[0.397s] -- Using all available rosidl_typesupport_cpp: rosidl_typesupport_fastrtps_cpp;rosidl_typesupport_introspection_cpp
[0.706s] -- Found ament_cmake_ros: 0.10.0 (/opt/ros/humble/share/ament_cmake_ros/cmake)
[0.879s] -- Using all available rosidl_typesupport_c: rosidl_typesupport_fastrtps_c;rosidl_typesupport_introspection_c
[1.092s] -- Using all available rosidl_typesupport_cpp: rosidl_typesupport_fastrtps_cpp;rosidl_typesupport_introspection_cpp
[1.189s] -- Found PythonInterp: /usr/bin/python3 (found suitable version "3.10.12", minimum required is "3.6") 
[1.191s] -- Found python_cmake_module: 0.10.0 (/opt/ros/humble/share/python_cmake_module/cmake)
[1.488s] -- Found PythonLibs: /usr/lib/x86_64-linux-gnu/libpython3.10.so (found suitable version "3.10.12", minimum required is "3.5") 
[1.488s] -- Using PYTHON_EXECUTABLE: /usr/bin/python3
[1.488s] -- Using PYTHON_INCLUDE_DIRS: /usr/include/python3.10
[1.488s] -- Using PYTHON_LIBRARIES: /usr/lib/x86_64-linux-gnu/libpython3.10.so
[1.520s] -- Found PythonExtra: .so  
[1.577s] -- Found rclcpp: 16.0.16 (/opt/ros/humble/share/rclcpp/cmake)
[1.614s] -- Found rmw_implementation_cmake: 6.1.2 (/opt/ros/humble/share/rmw_implementation_cmake/cmake)
[1.617s] -- Found rmw_fastrtps_cpp: 6.2.9 (/opt/ros/humble/share/rmw_fastrtps_cpp/cmake)
[6.859s] -- Using RMW implementation 'rmw_fastrtps_cpp' as default
[6.937s] -- Found std_srvs: 4.9.0 (/opt/ros/humble/share/std_srvs/cmake)
[6.953s] -- Found ament_lint_auto: 0.12.14 (/opt/ros/humble/share/ament_lint_auto/cmake)
[6.974s] -- Added test 'cppcheck' to perform static code analysis on C / C++ code
[6.974s] -- Configured cppcheck include dirs: $<BUILD_INTERFACE:/home/stywestern/defence_ws/src/turret_control/include>
[6.974s] -- Configured cppcheck exclude dirs and/or files: 
[6.975s] -- Added test 'lint_cmake' to check CMake code style
[6.976s] -- Added test 'uncrustify' to check C / C++ code style
[6.976s] -- Configured uncrustify additional arguments: 
[6.977s] -- Added test 'xmllint' to check XML markup files
[6.980s] -- Configuring done
[7.026s] -- Generating done
[7.038s] -- Build files have been written to: /home/stywestern/defence_ws/build/turret_control
[7.064s] [  3%] [34m[1mGenerating C code for ROS interfaces[0m
[7.065s] [35m[1mConsolidate compiler generated dependencies of target turret_node[0m
[7.071s] [  6%] [34m[1mGenerating C++ code for ROS interfaces[0m
[7.077s] [  6%] Built target ament_cmake_python_symlink_turret_control
[7.078s] [  9%] [32mBuilding CXX object CMakeFiles/turret_node.dir/src/turret_node.cpp.o[0m
[7.254s] running egg_info
[7.255s] creating turret_control.egg-info
[7.255s] writing turret_control.egg-info/PKG-INFO
[7.256s] writing dependency_links to turret_control.egg-info/dependency_links.txt
[7.256s] writing top-level names to turret_control.egg-info/top_level.txt
[7.256s] writing manifest file 'turret_control.egg-info/SOURCES.txt'
[7.259s] reading manifest file 'turret_control.egg-info/SOURCES.txt'
[7.259s] writing manifest file 'turret_control.egg-info/SOURCES.txt'
[7.279s] [  9%] Built target ament_cmake_python_build_turret_control_egg
[7.412s] [  9%] Built target turret_control__cpp
[7.412s] [ 12%] [32mBuilding C object CMakeFiles/turret_control__rosidl_generator_c.dir/rosidl_generator_c/turret_control/action/detail/rotate_turret__functions.c.o[0m
[7.420s] [ 15%] [34m[1mGenerating C++ type support dispatch for ROS interfaces[0m
[7.420s] [ 18%] [34m[1mGenerating C++ type support for eProsima Fast-RTPS[0m
[7.420s] [ 21%] [34m[1mGenerating C++ introspection for ROS interfaces[0m
[7.580s] [ 24%] [32m[1mLinking C shared library libturret_control__rosidl_generator_c.so[0m
[7.658s] [ 27%] [32mBuilding CXX object CMakeFiles/turret_control__rosidl_typesupport_cpp.dir/rosidl_typesupport_cpp/turret_control/action/rotate_turret__type_support.cpp.o[0m
[7.700s] [ 30%] [32mBuilding CXX object CMakeFiles/turret_control__rosidl_typesupport_introspection_cpp.dir/rosidl_typesupport_introspection_cpp/turret_control/action/detail/rotate_turret__type_support.cpp.o[0m
[7.706s] [ 30%] Built target turret_control__rosidl_generator_c
[7.714s] [ 36%] [34m[1mGenerating C type support dispatch for ROS interfaces[0m
[7.715s] [ 36%] [34m[1mGenerating C type support for eProsima Fast-RTPS[0m
[7.717s] [ 39%] [34m[1mGenerating C introspection for ROS interfaces[0m
[7.746s] [ 42%] [32mBuilding CXX object CMakeFiles/turret_control__rosidl_typesupport_fastrtps_cpp.dir/rosidl_typesupport_fastrtps_cpp/turret_control/action/detail/dds_fastrtps/rotate_turret__type_support.cpp.o[0m
[7.983s] [ 45%] [32mBuilding CXX object CMakeFiles/turret_control__rosidl_typesupport_c.dir/rosidl_typesupport_c/turret_control/action/rotate_turret__type_support.cpp.o[0m
[8.040s] [ 48%] [32mBuilding C object CMakeFiles/turret_control__rosidl_typesupport_introspection_c.dir/rosidl_typesupport_introspection_c/turret_control/action/detail/rotate_turret__type_support.c.o[0m
[8.058s] [ 51%] [32m[1mLinking CXX shared library libturret_control__rosidl_typesupport_c.so[0m
[8.064s] [ 54%] [32mBuilding CXX object CMakeFiles/turret_control__rosidl_typesupport_fastrtps_c.dir/rosidl_typesupport_fastrtps_c/turret_control/action/detail/rotate_turret__type_support_c.cpp.o[0m
[8.091s] [ 57%] [32m[1mLinking C shared library libturret_control__rosidl_typesupport_introspection_c.so[0m
[8.107s] [ 60%] [32m[1mLinking CXX shared library libturret_control__rosidl_typesupport_cpp.so[0m
[8.186s] [ 60%] Built target turret_control__rosidl_typesupport_c
[8.195s] [ 60%] Built target turret_control__rosidl_typesupport_introspection_c
[8.204s] [ 60%] Built target turret_control__rosidl_typesupport_cpp
[8.216s] [ 63%] [32m[1mLinking CXX shared library libturret_control__rosidl_typesupport_introspection_cpp.so[0m
[8.241s] [ 66%] [32m[1mLinking CXX shared library libturret_control__rosidl_typesupport_fastrtps_cpp.so[0m
[8.353s] [ 66%] Built target turret_control__rosidl_typesupport_introspection_cpp
[8.372s] [ 69%] [32m[1mLinking CXX shared library libturret_control__rosidl_typesupport_fastrtps_c.so[0m
[8.376s] [ 69%] Built target turret_control__rosidl_typesupport_fastrtps_cpp
[8.498s] [ 69%] Built target turret_control__rosidl_typesupport_fastrtps_c
[8.512s] [ 69%] Built target turret_control
[8.527s] [ 72%] [34m[1mGenerating Python code for ROS interfaces[0m
[9.074s] [ 72%] Built target turret_control__py
[9.090s] [ 75%] [32mBuilding C object CMakeFiles/turret_control__rosidl_generator_py.dir/rosidl_generator_py/turret_control/action/_rotate_turret_s.c.o[0m
[9.224s] [ 78%] [32m[1mLinking C shared library rosidl_generator_py/turret_control/libturret_control__rosidl_generator_py.so[0m
[9.347s] [ 78%] Built target turret_control__rosidl_generator_py
[9.364s] [ 81%] [32mBuilding C object CMakeFiles/turret_control__rosidl_typesupport_fastrtps_c__pyext.dir/rosidl_generator_py/turret_control/_turret_control_s.ep.rosidl_typesupport_fastrtps_c.c.o[0m
[9.364s] [ 84%] [32mBuilding C object CMakeFiles/turret_control__rosidl_typesupport_introspection_c__pyext.dir/rosidl_generator_py/turret_control/_turret_control_s.ep.rosidl_typesupport_introspection_c.c.o[0m
[9.365s] [ 87%] [32mBuilding C object CMakeFiles/turret_control__rosidl_typesupport_c__pyext.dir/rosidl_generator_py/turret_control/_turret_control_s.ep.rosidl_typesupport_c.c.o[0m
[9.454s] [ 90%] [32m[1mLinking C shared library rosidl_generator_py/turret_control/turret_control_s__rosidl_typesupport_fastrtps_c.cpython-310-x86_64-linux-gnu.so[0m
[9.454s] [ 93%] [32m[1mLinking C shared library rosidl_generator_py/turret_control/turret_control_s__rosidl_typesupport_introspection_c.cpython-310-x86_64-linux-gnu.so[0m
[9.457s] [ 96%] [32m[1mLinking C shared library rosidl_generator_py/turret_control/turret_control_s__rosidl_typesupport_c.cpython-310-x86_64-linux-gnu.so[0m
[9.543s] [ 96%] Built target turret_control__rosidl_typesupport_fastrtps_c__pyext
[9.546s] [ 96%] Built target turret_control__rosidl_typesupport_introspection_c__pyext
[9.574s] [ 96%] Built target turret_control__rosidl_typesupport_c__pyext
[14.788s] [100%] [32m[1mLinking CXX executable turret_node[0m
[15.282s] [100%] Built target turret_node
[15.292s] Invoked command in '/home/stywestern/defence_ws/build/turret_control' returned '0': CMAKE_PREFIX_PATH=/home/stywestern/ros2_ws_python/install/my_robot_controller:/opt/ros/humble /usr/bin/cmake --build /home/stywestern/defence_ws/build/turret_control -- -j20 -l20
[15.300s] Invoking command in '/home/stywestern/defence_ws/build/turret_control': CMAKE_PREFIX_PATH=/home/stywestern/ros2_ws_python/install/my_robot_controller:/opt/ros/humble /usr/bin/cmake --install /home/stywestern/defence_ws/build/turret_control
[15.305s] -- Install configuration: ""
[15.305s] -- Execute custom install script
[15.305s] -- Symlinking: /home/stywestern/defence_ws/install/turret_control/share/ament_index/resource_index/rosidl_interfaces/turret_control
[15.313s] -- Symlinking: /home/stywestern/defence_ws/install/turret_control/include/turret_control/turret_control/action/detail/rotate_turret__functions.h
[15.320s] -- Symlinking: /home/stywestern/defence_ws/install/turret_control/include/turret_control/turret_control/action/detail/rotate_turret__struct.h
[15.326s] -- Symlinking: /home/stywestern/defence_ws/install/turret_control/include/turret_control/turret_control/action/detail/rotate_turret__type_support.h
[15.332s] -- Symlinking: /home/stywestern/defence_ws/install/turret_control/include/turret_control/turret_control/action/rotate_turret.h
[15.338s] -- Symlinking: /home/stywestern/defence_ws/install/turret_control/include/turret_control/turret_control/msg/rosidl_generator_c__visibility_control.h
[15.345s] -- Symlinking: /home/stywestern/defence_ws/install/turret_control/share/turret_control/environment/library_path.sh
[15.351s] -- Symlinking: /home/stywestern/defence_ws/install/turret_control/share/turret_control/environment/library_path.dsv
[15.358s] -- Symlinking: /home/stywestern/defence_ws/install/turret_control/include/turret_control/turret_control/action/detail/rotate_turret__rosidl_typesupport_fastrtps_c.h
[15.364s] -- Symlinking: /home/stywestern/defence_ws/install/turret_control/include/turret_control/turret_control/msg/rosidl_typesupport_fastrtps_c__visibility_control.h
[15.371s] -- Symlinking: /home/stywestern/defence_ws/install/turret_control/include/turret_control/turret_control/action/detail/rotate_turret__rosidl_typesupport_introspection_c.h
[15.378s] -- Symlinking: /home/stywestern/defence_ws/install/turret_control/include/turret_control/turret_control/msg/rosidl_typesupport_introspection_c__visibility_control.h
[15.385s] -- Symlinking: /home/stywestern/defence_ws/install/turret_control/include/turret_control/turret_control/action/detail/rotate_turret__builder.hpp
[15.394s] -- Symlinking: /home/stywestern/defence_ws/install/turret_control/include/turret_control/turret_control/action/detail/rotate_turret__struct.hpp
[15.404s] -- Symlinking: /home/stywestern/defence_ws/install/turret_control/include/turret_control/turret_control/action/detail/rotate_turret__traits.hpp
[15.411s] -- Symlinking: /home/stywestern/defence_ws/install/turret_control/include/turret_control/turret_control/action/detail/rotate_turret__type_support.hpp
[15.418s] -- Symlinking: /home/stywestern/defence_ws/install/turret_control/include/turret_control/turret_control/action/rotate_turret.hpp
[15.424s] -- Symlinking: /home/stywestern/defence_ws/install/turret_control/include/turret_control/turret_control/msg/rosidl_generator_cpp__visibility_control.hpp
[15.431s] -- Symlinking: /home/stywestern/defence_ws/install/turret_control/include/turret_control/turret_control/action/detail/rotate_turret__rosidl_typesupport_fastrtps_cpp.hpp
[15.437s] -- Symlinking: /home/stywestern/defence_ws/install/turret_control/include/turret_control/turret_control/msg/rosidl_typesupport_fastrtps_cpp__visibility_control.h
[15.444s] -- Symlinking: /home/stywestern/defence_ws/install/turret_control/include/turret_control/turret_control/action/detail/rotate_turret__rosidl_typesupport_introspection_cpp.hpp
[15.450s] -- Symlinking: /home/stywestern/defence_ws/install/turret_control/share/turret_control/environment/pythonpath.sh
[15.456s] -- Symlinking: /home/stywestern/defence_ws/install/turret_control/share/turret_control/environment/pythonpath.dsv
[15.465s] -- Symlinking: /home/stywestern/defence_ws/install/turret_control/local/lib/python3.10/dist-packages/turret_control-0.0.0-py3.10.egg-info/PKG-INFO
[15.472s] -- Symlinking: /home/stywestern/defence_ws/install/turret_control/local/lib/python3.10/dist-packages/turret_control-0.0.0-py3.10.egg-info/SOURCES.txt
[15.478s] -- Symlinking: /home/stywestern/defence_ws/install/turret_control/local/lib/python3.10/dist-packages/turret_control-0.0.0-py3.10.egg-info/dependency_links.txt
[15.485s] -- Symlinking: /home/stywestern/defence_ws/install/turret_control/local/lib/python3.10/dist-packages/turret_control-0.0.0-py3.10.egg-info/top_level.txt
[15.493s] -- Symlinking: /home/stywestern/defence_ws/install/turret_control/local/lib/python3.10/dist-packages/turret_control/__init__.py
[15.500s] -- Symlinking: /home/stywestern/defence_ws/install/turret_control/local/lib/python3.10/dist-packages/turret_control/_turret_control_s.ep.rosidl_typesupport_c.c
[15.506s] -- Symlinking: /home/stywestern/defence_ws/install/turret_control/local/lib/python3.10/dist-packages/turret_control/_turret_control_s.ep.rosidl_typesupport_fastrtps_c.c
[15.513s] -- Symlinking: /home/stywestern/defence_ws/install/turret_control/local/lib/python3.10/dist-packages/turret_control/_turret_control_s.ep.rosidl_typesupport_introspection_c.c
[15.519s] -- Symlinking: /home/stywestern/defence_ws/install/turret_control/local/lib/python3.10/dist-packages/turret_control/action/__init__.py
[15.525s] -- Symlinking: /home/stywestern/defence_ws/install/turret_control/local/lib/python3.10/dist-packages/turret_control/action/_rotate_turret.py
[15.533s] -- Symlinking: /home/stywestern/defence_ws/install/turret_control/local/lib/python3.10/dist-packages/turret_control/action/_rotate_turret_s.c
[15.539s] -- Symlinking: /home/stywestern/defence_ws/install/turret_control/local/lib/python3.10/dist-packages/turret_control/libturret_control__rosidl_generator_py.so
[15.546s] -- Symlinking: /home/stywestern/defence_ws/install/turret_control/local/lib/python3.10/dist-packages/turret_control/turret_control_s__rosidl_typesupport_c.cpython-310-x86_64-linux-gnu.so
[15.552s] -- Symlinking: /home/stywestern/defence_ws/install/turret_control/local/lib/python3.10/dist-packages/turret_control/turret_control_s__rosidl_typesupport_fastrtps_c.cpython-310-x86_64-linux-gnu.so
[15.560s] -- Symlinking: /home/stywestern/defence_ws/install/turret_control/local/lib/python3.10/dist-packages/turret_control/turret_control_s__rosidl_typesupport_introspection_c.cpython-310-x86_64-linux-gnu.so
[15.568s] -- Up-to-date symlink: /home/stywestern/defence_ws/install/turret_control/local/lib/python3.10/dist-packages/turret_control/turret_control_s__rosidl_typesupport_fastrtps_c.cpython-310-x86_64-linux-gnu.so
[15.568s] -- Up-to-date symlink: /home/stywestern/defence_ws/install/turret_control/local/lib/python3.10/dist-packages/turret_control/turret_control_s__rosidl_typesupport_introspection_c.cpython-310-x86_64-linux-gnu.so
[15.568s] -- Up-to-date symlink: /home/stywestern/defence_ws/install/turret_control/local/lib/python3.10/dist-packages/turret_control/turret_control_s__rosidl_typesupport_c.cpython-310-x86_64-linux-gnu.so
[15.568s] -- Symlinking: /home/stywestern/defence_ws/install/turret_control/share/turret_control/action/RotateTurret.idl
[15.577s] -- Symlinking: /home/stywestern/defence_ws/install/turret_control/share/turret_control/action/RotateTurret.action
[15.584s] -- Up-to-date symlink: /home/stywestern/defence_ws/install/turret_control/lib/turret_control/turret_node
[15.584s] -- Up-to-date symlink: /home/stywestern/defence_ws/install/turret_control/share/ament_index/resource_index/package_run_dependencies/turret_control
[15.584s] -- Up-to-date symlink: /home/stywestern/defence_ws/install/turret_control/share/ament_index/resource_index/parent_prefix_path/turret_control
[15.584s] -- Up-to-date symlink: /home/stywestern/defence_ws/install/turret_control/share/turret_control/environment/ament_prefix_path.sh
[15.584s] -- Up-to-date symlink: /home/stywestern/defence_ws/install/turret_control/share/turret_control/environment/ament_prefix_path.dsv
[15.585s] -- Up-to-date symlink: /home/stywestern/defence_ws/install/turret_control/share/turret_control/environment/path.sh
[15.585s] -- Up-to-date symlink: /home/stywestern/defence_ws/install/turret_control/share/turret_control/environment/path.dsv
[15.585s] -- Up-to-date symlink: /home/stywestern/defence_ws/install/turret_control/share/turret_control/local_setup.bash
[15.585s] -- Up-to-date symlink: /home/stywestern/defence_ws/install/turret_control/share/turret_control/local_setup.sh
[15.585s] -- Up-to-date symlink: /home/stywestern/defence_ws/install/turret_control/share/turret_control/local_setup.zsh
[15.585s] -- Up-to-date symlink: /home/stywestern/defence_ws/install/turret_control/share/turret_control/local_setup.dsv
[15.585s] -- Symlinking: /home/stywestern/defence_ws/install/turret_control/share/turret_control/package.dsv
[15.592s] -- Up-to-date symlink: /home/stywestern/defence_ws/install/turret_control/share/ament_index/resource_index/packages/turret_control
[15.592s] -- Symlinking: /home/stywestern/defence_ws/install/turret_control/share/turret_control/cmake/rosidl_cmake-extras.cmake
[15.598s] -- Symlinking: /home/stywestern/defence_ws/install/turret_control/share/turret_control/cmake/ament_cmake_export_dependencies-extras.cmake
[15.605s] -- Symlinking: /home/stywestern/defence_ws/install/turret_control/share/turret_control/cmake/ament_cmake_export_include_directories-extras.cmake
[15.611s] -- Symlinking: /home/stywestern/defence_ws/install/turret_control/share/turret_control/cmake/ament_cmake_export_libraries-extras.cmake
[15.618s] -- Symlinking: /home/stywestern/defence_ws/install/turret_control/share/turret_control/cmake/ament_cmake_export_targets-extras.cmake
[15.624s] -- Symlinking: /home/stywestern/defence_ws/install/turret_control/share/turret_control/cmake/rosidl_cmake_export_typesupport_targets-extras.cmake
[15.631s] -- Symlinking: /home/stywestern/defence_ws/install/turret_control/share/turret_control/cmake/rosidl_cmake_export_typesupport_libraries-extras.cmake
[15.638s] -- Up-to-date symlink: /home/stywestern/defence_ws/install/turret_control/share/turret_control/cmake/turret_controlConfig.cmake
[15.638s] -- Up-to-date symlink: /home/stywestern/defence_ws/install/turret_control/share/turret_control/cmake/turret_controlConfig-version.cmake
[15.638s] -- Up-to-date symlink: /home/stywestern/defence_ws/install/turret_control/share/turret_control/package.xml
[15.638s] -- Installing: /home/stywestern/defence_ws/install/turret_control/lib/libturret_control__rosidl_generator_c.so
[15.638s] -- Set runtime path of "/home/stywestern/defence_ws/install/turret_control/lib/libturret_control__rosidl_generator_c.so" to ""
[15.638s] -- Installing: /home/stywestern/defence_ws/install/turret_control/lib/libturret_control__rosidl_typesupport_fastrtps_c.so
[15.638s] -- Set runtime path of "/home/stywestern/defence_ws/install/turret_control/lib/libturret_control__rosidl_typesupport_fastrtps_c.so" to ""
[15.639s] -- Installing: /home/stywestern/defence_ws/install/turret_control/lib/libturret_control__rosidl_typesupport_introspection_c.so
[15.639s] -- Set runtime path of "/home/stywestern/defence_ws/install/turret_control/lib/libturret_control__rosidl_typesupport_introspection_c.so" to ""
[15.639s] -- Installing: /home/stywestern/defence_ws/install/turret_control/lib/libturret_control__rosidl_typesupport_c.so
[15.639s] -- Set runtime path of "/home/stywestern/defence_ws/install/turret_control/lib/libturret_control__rosidl_typesupport_c.so" to ""
[15.639s] -- Installing: /home/stywestern/defence_ws/install/turret_control/lib/libturret_control__rosidl_typesupport_fastrtps_cpp.so
[15.639s] -- Set runtime path of "/home/stywestern/defence_ws/install/turret_control/lib/libturret_control__rosidl_typesupport_fastrtps_cpp.so" to ""
[15.639s] -- Installing: /home/stywestern/defence_ws/install/turret_control/lib/libturret_control__rosidl_typesupport_introspection_cpp.so
[15.640s] -- Set runtime path of "/home/stywestern/defence_ws/install/turret_control/lib/libturret_control__rosidl_typesupport_introspection_cpp.so" to ""
[15.640s] -- Installing: /home/stywestern/defence_ws/install/turret_control/lib/libturret_control__rosidl_typesupport_cpp.so
[15.640s] -- Set runtime path of "/home/stywestern/defence_ws/install/turret_control/lib/libturret_control__rosidl_typesupport_cpp.so" to ""
[15.682s] Listing '/home/stywestern/defence_ws/install/turret_control/local/lib/python3.10/dist-packages/turret_control'...
[15.682s] Compiling '/home/stywestern/defence_ws/install/turret_control/local/lib/python3.10/dist-packages/turret_control/__init__.py'...
[15.682s] Listing '/home/stywestern/defence_ws/install/turret_control/local/lib/python3.10/dist-packages/turret_control/action'...
[15.682s] Compiling '/home/stywestern/defence_ws/install/turret_control/local/lib/python3.10/dist-packages/turret_control/action/__init__.py'...
[15.682s] Compiling '/home/stywestern/defence_ws/install/turret_control/local/lib/python3.10/dist-packages/turret_control/action/_rotate_turret.py'...
[15.686s] -- Installing: /home/stywestern/defence_ws/install/turret_control/lib/libturret_control__rosidl_generator_py.so
[15.686s] -- Set runtime path of "/home/stywestern/defence_ws/install/turret_control/lib/libturret_control__rosidl_generator_py.so" to ""
[15.686s] -- Installing: /home/stywestern/defence_ws/install/turret_control/share/turret_control/cmake/export_turret_control__rosidl_generator_cExport.cmake
[15.687s] -- Installing: /home/stywestern/defence_ws/install/turret_control/share/turret_control/cmake/export_turret_control__rosidl_generator_cExport-noconfig.cmake
[15.687s] -- Installing: /home/stywestern/defence_ws/install/turret_control/share/turret_control/cmake/export_turret_control__rosidl_typesupport_fastrtps_cExport.cmake
[15.687s] -- Installing: /home/stywestern/defence_ws/install/turret_control/share/turret_control/cmake/export_turret_control__rosidl_typesupport_fastrtps_cExport-noconfig.cmake
[15.687s] -- Installing: /home/stywestern/defence_ws/install/turret_control/share/turret_control/cmake/turret_control__rosidl_typesupport_introspection_cExport.cmake
[15.687s] -- Installing: /home/stywestern/defence_ws/install/turret_control/share/turret_control/cmake/turret_control__rosidl_typesupport_introspection_cExport-noconfig.cmake
[15.687s] -- Installing: /home/stywestern/defence_ws/install/turret_control/share/turret_control/cmake/turret_control__rosidl_typesupport_cExport.cmake
[15.688s] -- Installing: /home/stywestern/defence_ws/install/turret_control/share/turret_control/cmake/turret_control__rosidl_typesupport_cExport-noconfig.cmake
[15.688s] -- Installing: /home/stywestern/defence_ws/install/turret_control/share/turret_control/cmake/export_turret_control__rosidl_generator_cppExport.cmake
[15.688s] -- Installing: /home/stywestern/defence_ws/install/turret_control/share/turret_control/cmake/export_turret_control__rosidl_typesupport_fastrtps_cppExport.cmake
[15.688s] -- Installing: /home/stywestern/defence_ws/install/turret_control/share/turret_control/cmake/export_turret_control__rosidl_typesupport_fastrtps_cppExport-noconfig.cmake
[15.688s] -- Installing: /home/stywestern/defence_ws/install/turret_control/share/turret_control/cmake/turret_control__rosidl_typesupport_introspection_cppExport.cmake
[15.688s] -- Installing: /home/stywestern/defence_ws/install/turret_control/share/turret_control/cmake/turret_control__rosidl_typesupport_introspection_cppExport-noconfig.cmake
[15.688s] -- Installing: /home/stywestern/defence_ws/install/turret_control/share/turret_control/cmake/turret_control__rosidl_typesupport_cppExport.cmake
[15.688s] -- Installing: /home/stywestern/defence_ws/install/turret_control/share/turret_control/cmake/turret_control__rosidl_typesupport_cppExport-noconfig.cmake
[15.689s] -- Installing: /home/stywestern/defence_ws/install/turret_control/share/turret_control/cmake/export_turret_control__rosidl_generator_pyExport.cmake
[15.689s] -- Installing: /home/stywestern/defence_ws/install/turret_control/share/turret_control/cmake/export_turret_control__rosidl_generator_pyExport-noconfig.cmake
[15.690s] Invoked command in '/home/stywestern/defence_ws/build/turret_control' returned '0': CMAKE_PREFIX_PATH=/home/stywestern/ros2_ws_python/install/my_robot_controller:/opt/ros/humble /usr/bin/cmake --install /home/stywestern/defence_ws/build/turret_control
