[0.026s] Invoking command in '/home/stywestern/defence_ws/build/turret_control': CMAKE_PREFIX_PATH=/home/stywestern/ros2_ws_python/install/my_robot_controller:/opt/ros/humble /usr/bin/cmake --build /home/stywestern/defence_ws/build/turret_control -- -j20 -l20
[0.171s] -- Found ament_cmake: 1.3.12 (/opt/ros/humble/share/ament_cmake/cmake)
[0.297s] -- Override CMake install command with custom implementation using symlinks instead of copying resources
[0.318s] -- Found rclcpp: 16.0.16 (/opt/ros/humble/share/rclcpp/cmake)
[0.472s] -- Found rosidl_generator_c: 3.1.7 (/opt/ros/humble/share/rosidl_generator_c/cmake)
[0.476s] -- Found rosidl_adapter: 3.1.7 (/opt/ros/humble/share/rosidl_adapter/cmake)
[0.486s] -- Found rosidl_generator_cpp: 3.1.7 (/opt/ros/humble/share/rosidl_generator_cpp/cmake)
[0.503s] -- Using all available rosidl_typesupport_c: rosidl_typesupport_fastrtps_c;rosidl_typesupport_introspection_c
[0.523s] -- Using all available rosidl_typesupport_cpp: rosidl_typesupport_fastrtps_cpp;rosidl_typesupport_introspection_cpp
[0.571s] -- Found rmw_implementation_cmake: 6.1.2 (/opt/ros/humble/share/rmw_implementation_cmake/cmake)
[0.574s] -- Found rmw_fastrtps_cpp: 6.2.9 (/opt/ros/humble/share/rmw_fastrtps_cpp/cmake)
[4.932s] -- Using RMW implementation 'rmw_fastrtps_cpp' as default
[5.017s] -- Found std_srvs: 4.9.0 (/opt/ros/humble/share/std_srvs/cmake)
[5.034s] -- Found ament_lint_auto: 0.12.14 (/opt/ros/humble/share/ament_lint_auto/cmake)
[5.109s] -- Added test 'cppcheck' to perform static code analysis on C / C++ code
[5.109s] -- Configured cppcheck include dirs: $<BUILD_INTERFACE:/home/stywestern/defence_ws/src/turret_control/include>
[5.109s] -- Configured cppcheck exclude dirs and/or files: 
[5.110s] -- Added test 'lint_cmake' to check CMake code style
[5.111s] -- Added test 'uncrustify' to check C / C++ code style
[5.111s] -- Configured uncrustify additional arguments: 
[5.111s] -- Added test 'xmllint' to check XML markup files
[5.113s] -- Configuring done
[5.132s] -- Generating done
[5.138s] -- Build files have been written to: /home/stywestern/defence_ws/build/turret_control
[5.164s] [35m[1mConsolidate compiler generated dependencies of target turret_node[0m
[5.178s] [ 50%] [32mBuilding CXX object CMakeFiles/turret_node.dir/src/turret_node.cpp.o[0m
[7.684s] [01m[K/home/stywestern/defence_ws/src/turret_control/src/turret_node.cpp:[m[K In member function ‘[01m[Kvoid TurretNode::toggle_safety_callback(std::shared_ptr<std_srvs::srv::SetBool_Request_<std::allocator<void> > >, std::shared_ptr<std_srvs::srv::SetBool_Response_<std::allocator<void> > >)[m[K’:
[7.684s] [01m[K/home/stywestern/defence_ws/src/turret_control/src/turret_node.cpp:62:10:[m[K [01;31m[Kerror: [m[Kexpected ‘[01m[K;[m[K’ before ‘[01m[K}[m[K’ token
[7.684s]    62 |          [01;31m[K}[m[K else {
[7.684s]       |          [01;31m[K^[m[K
[7.684s] [01m[K/home/stywestern/defence_ws/src/turret_control/src/turret_node.cpp:65:10:[m[K [01;31m[Kerror: [m[Kexpected ‘[01m[K;[m[K’ before ‘[01m[K}[m[K’ token
[7.684s]    65 |          [01;31m[K}[m[K
[7.684s]       |          [01;31m[K^[m[K
[9.979s] gmake[2]: *** [CMakeFiles/turret_node.dir/build.make:76: CMakeFiles/turret_node.dir/src/turret_node.cpp.o] Error 1
[9.980s] gmake[1]: *** [CMakeFiles/Makefile2:137: CMakeFiles/turret_node.dir/all] Error 2
[9.980s] gmake: *** [Makefile:146: all] Error 2
[9.982s] Invoked command in '/home/stywestern/defence_ws/build/turret_control' returned '2': CMAKE_PREFIX_PATH=/home/stywestern/ros2_ws_python/install/my_robot_controller:/opt/ros/humble /usr/bin/cmake --build /home/stywestern/defence_ws/build/turret_control -- -j20 -l20
