[0.014s] Invoking command in '/home/stywestern/defence_ws/build/turret_control': CMAKE_PREFIX_PATH=/home/stywestern/ros2_ws_python/install/my_robot_controller:/opt/ros/humble /usr/bin/cmake /home/stywestern/defence_ws/src/turret_control -DCMAKE_EXPORT_COMPILE_COMMANDS=ON -DAMENT_CMAKE_SYMLINK_INSTALL=1 -DCMAKE_INSTALL_PREFIX=/home/stywestern/defence_ws/install/turret_control
[0.191s] -- The C compiler identification is GNU 11.4.0
[0.530s] -- The CXX compiler identification is GNU 11.4.0
[0.725s] -- Detecting C compiler ABI info
[0.842s] -- Detecting C compiler ABI info - done
[0.848s] -- Check for working C compiler: /usr/bin/cc - skipped
[0.850s] -- Detecting C compile features
[0.851s] -- Detecting C compile features - done
[0.854s] -- Detecting CXX compiler ABI info
[0.960s] -- Detecting CXX compiler ABI info - done
[0.967s] -- Check for working CXX compiler: /usr/bin/c++ - skipped
[0.967s] -- Detecting CXX compile features
[0.967s] -- Detecting CXX compile features - done
[0.972s] -- Found ament_cmake: 1.3.12 (/opt/ros/humble/share/ament_cmake/cmake)
[1.122s] -- Found Python3: /usr/bin/python3 (found version "3.10.12") found components: Interpreter 
[1.186s] -- Override CMake install command with custom implementation using symlinks instead of copying resources
[1.221s] -- Found rclcpp: 16.0.16 (/opt/ros/humble/share/rclcpp/cmake)
[1.381s] -- Found rosidl_generator_c: 3.1.7 (/opt/ros/humble/share/rosidl_generator_c/cmake)
[1.387s] -- Found rosidl_adapter: 3.1.7 (/opt/ros/humble/share/rosidl_adapter/cmake)
[1.397s] -- Found rosidl_generator_cpp: 3.1.7 (/opt/ros/humble/share/rosidl_generator_cpp/cmake)
[1.414s] -- Using all available rosidl_typesupport_c: rosidl_typesupport_fastrtps_c;rosidl_typesupport_introspection_c
[1.438s] -- Using all available rosidl_typesupport_cpp: rosidl_typesupport_fastrtps_cpp;rosidl_typesupport_introspection_cpp
[1.494s] -- Found rmw_implementation_cmake: 6.1.2 (/opt/ros/humble/share/rmw_implementation_cmake/cmake)
[1.498s] -- Found rmw_fastrtps_cpp: 6.2.9 (/opt/ros/humble/share/rmw_fastrtps_cpp/cmake)
[2.501s] -- Found OpenSSL: /usr/lib/x86_64-linux-gnu/libcrypto.so (found version "3.0.2")  
[3.893s] -- Found FastRTPS: /opt/ros/humble/include  
[5.673s] -- Using RMW implementation 'rmw_fastrtps_cpp' as default
[5.684s] -- Looking for pthread.h
[5.788s] -- Looking for pthread.h - found
[5.788s] -- Performing Test CMAKE_HAVE_LIBC_PTHREAD
[5.922s] -- Performing Test CMAKE_HAVE_LIBC_PTHREAD - Success
[5.923s] -- Found Threads: TRUE  
[5.997s] -- Found ament_lint_auto: 0.12.14 (/opt/ros/humble/share/ament_lint_auto/cmake)
[6.074s] -- Added test 'cppcheck' to perform static code analysis on C / C++ code
[6.074s] -- Configured cppcheck include dirs: $<BUILD_INTERFACE:/home/stywestern/defence_ws/src/turret_control/include>
[6.074s] -- Configured cppcheck exclude dirs and/or files: 
[6.075s] -- Added test 'lint_cmake' to check CMake code style
[6.076s] -- Added test 'uncrustify' to check C / C++ code style
[6.077s] -- Configured uncrustify additional arguments: 
[6.077s] -- Added test 'xmllint' to check XML markup files
[6.079s] -- Configuring done
[6.087s] -- Generating done
[6.091s] -- Build files have been written to: /home/stywestern/defence_ws/build/turret_control
[6.098s] Invoked command in '/home/stywestern/defence_ws/build/turret_control' returned '0': CMAKE_PREFIX_PATH=/home/stywestern/ros2_ws_python/install/my_robot_controller:/opt/ros/humble /usr/bin/cmake /home/stywestern/defence_ws/src/turret_control -DCMAKE_EXPORT_COMPILE_COMMANDS=ON -DAMENT_CMAKE_SYMLINK_INSTALL=1 -DCMAKE_INSTALL_PREFIX=/home/stywestern/defence_ws/install/turret_control
[6.100s] Invoking command in '/home/stywestern/defence_ws/build/turret_control': CMAKE_PREFIX_PATH=/home/stywestern/ros2_ws_python/install/my_robot_controller:/opt/ros/humble /usr/bin/cmake --build /home/stywestern/defence_ws/build/turret_control -- -j20 -l20
[6.136s] [ 50%] [32mBuilding CXX object CMakeFiles/turret_node.dir/src/turret_node.cpp.o[0m
[6.176s] [100%] [32m[1mLinking CXX executable turret_node[0m
[6.286s] [100%] Built target turret_node
[6.295s] Invoked command in '/home/stywestern/defence_ws/build/turret_control' returned '0': CMAKE_PREFIX_PATH=/home/stywestern/ros2_ws_python/install/my_robot_controller:/opt/ros/humble /usr/bin/cmake --build /home/stywestern/defence_ws/build/turret_control -- -j20 -l20
[6.305s] Invoking command in '/home/stywestern/defence_ws/build/turret_control': CMAKE_PREFIX_PATH=/home/stywestern/ros2_ws_python/install/my_robot_controller:/opt/ros/humble /usr/bin/cmake --install /home/stywestern/defence_ws/build/turret_control
[6.311s] -- Install configuration: ""
[6.312s] -- Execute custom install script
[6.312s] -- Symlinking: /home/stywestern/defence_ws/install/turret_control/lib/turret_control/turret_node
[6.321s] -- Symlinking: /home/stywestern/defence_ws/install/turret_control/share/ament_index/resource_index/package_run_dependencies/turret_control
[6.331s] -- Symlinking: /home/stywestern/defence_ws/install/turret_control/share/ament_index/resource_index/parent_prefix_path/turret_control
[6.339s] -- Symlinking: /home/stywestern/defence_ws/install/turret_control/share/turret_control/environment/ament_prefix_path.sh
[6.346s] -- Symlinking: /home/stywestern/defence_ws/install/turret_control/share/turret_control/environment/ament_prefix_path.dsv
[6.355s] -- Symlinking: /home/stywestern/defence_ws/install/turret_control/share/turret_control/environment/path.sh
[6.361s] -- Symlinking: /home/stywestern/defence_ws/install/turret_control/share/turret_control/environment/path.dsv
[6.367s] -- Symlinking: /home/stywestern/defence_ws/install/turret_control/share/turret_control/local_setup.bash
[6.374s] -- Symlinking: /home/stywestern/defence_ws/install/turret_control/share/turret_control/local_setup.sh
[6.380s] -- Symlinking: /home/stywestern/defence_ws/install/turret_control/share/turret_control/local_setup.zsh
[6.387s] -- Symlinking: /home/stywestern/defence_ws/install/turret_control/share/turret_control/local_setup.dsv
[6.393s] -- Symlinking: /home/stywestern/defence_ws/install/turret_control/share/turret_control/package.dsv
[6.400s] -- Symlinking: /home/stywestern/defence_ws/install/turret_control/share/ament_index/resource_index/packages/turret_control
[6.407s] -- Symlinking: /home/stywestern/defence_ws/install/turret_control/share/turret_control/cmake/turret_controlConfig.cmake
[6.413s] -- Symlinking: /home/stywestern/defence_ws/install/turret_control/share/turret_control/cmake/turret_controlConfig-version.cmake
[6.420s] -- Symlinking: /home/stywestern/defence_ws/install/turret_control/share/turret_control/package.xml
[6.428s] Invoked command in '/home/stywestern/defence_ws/build/turret_control' returned '0': CMAKE_PREFIX_PATH=/home/stywestern/ros2_ws_python/install/my_robot_controller:/opt/ros/humble /usr/bin/cmake --install /home/stywestern/defence_ws/build/turret_control
