[0.016s] Invoking command in '/home/stywestern/defence_ws/build/turret_control': CMAKE_PREFIX_PATH=/home/stywestern/ros2_ws_python/install/my_robot_controller:/opt/ros/humble /usr/bin/cmake /home/stywestern/defence_ws/src/turret_control -DAMENT_CMAKE_SYMLINK_INSTALL=1 -DCMAKE_INSTALL_PREFIX=/home/stywestern/defence_ws/install/turret_control
[0.067s] -- Found ament_cmake: 1.3.12 (/opt/ros/humble/share/ament_cmake/cmake)
[0.192s] -- Override CMake install command with custom implementation using symlinks instead of copying resources
[0.218s] -- Found rclcpp: 16.0.16 (/opt/ros/humble/share/rclcpp/cmake)
[0.489s] -- Found rosidl_generator_c: 3.1.7 (/opt/ros/humble/share/rosidl_generator_c/cmake)
[0.495s] -- Found rosidl_adapter: 3.1.7 (/opt/ros/humble/share/rosidl_adapter/cmake)
[0.509s] -- Found rosidl_generator_cpp: 3.1.7 (/opt/ros/humble/share/rosidl_generator_cpp/cmake)
[0.525s] -- Using all available rosidl_typesupport_c: rosidl_typesupport_fastrtps_c;rosidl_typesupport_introspection_c
[0.545s] -- Using all available rosidl_typesupport_cpp: rosidl_typesupport_fastrtps_cpp;rosidl_typesupport_introspection_cpp
[0.593s] -- Found rmw_implementation_cmake: 6.1.2 (/opt/ros/humble/share/rmw_implementation_cmake/cmake)
[0.596s] -- Found rmw_fastrtps_cpp: 6.2.9 (/opt/ros/humble/share/rmw_fastrtps_cpp/cmake)
[4.818s] -- Using RMW implementation 'rmw_fastrtps_cpp' as default
[4.912s] -- Found ament_lint_auto: 0.12.14 (/opt/ros/humble/share/ament_lint_auto/cmake)
[4.992s] -- Added test 'cppcheck' to perform static code analysis on C / C++ code
[4.992s] -- Configured cppcheck include dirs: $<BUILD_INTERFACE:/home/stywestern/defence_ws/src/turret_control/include>
[4.992s] -- Configured cppcheck exclude dirs and/or files: 
[4.993s] -- Added test 'lint_cmake' to check CMake code style
[4.995s] -- Added test 'uncrustify' to check C / C++ code style
[4.995s] -- Configured uncrustify additional arguments: 
[4.995s] -- Added test 'xmllint' to check XML markup files
[4.997s] -- Configuring done
[5.011s] -- Generating done
[5.015s] -- Build files have been written to: /home/stywestern/defence_ws/build/turret_control
[5.026s] Invoked command in '/home/stywestern/defence_ws/build/turret_control' returned '0': CMAKE_PREFIX_PATH=/home/stywestern/ros2_ws_python/install/my_robot_controller:/opt/ros/humble /usr/bin/cmake /home/stywestern/defence_ws/src/turret_control -DAMENT_CMAKE_SYMLINK_INSTALL=1 -DCMAKE_INSTALL_PREFIX=/home/stywestern/defence_ws/install/turret_control
[5.028s] Invoking command in '/home/stywestern/defence_ws/build/turret_control': CMAKE_PREFIX_PATH=/home/stywestern/ros2_ws_python/install/my_robot_controller:/opt/ros/humble /usr/bin/cmake --build /home/stywestern/defence_ws/build/turret_control -- -j20 -l20
[5.063s] [35m[1mConsolidate compiler generated dependencies of target turret_node[0m
[5.075s] [ 50%] [32mBuilding CXX object CMakeFiles/turret_node.dir/src/turret_node.cpp.o[0m
[7.961s] [100%] [32m[1mLinking CXX executable turret_node[0m
[8.184s] [100%] Built target turret_node
[8.193s] Invoked command in '/home/stywestern/defence_ws/build/turret_control' returned '0': CMAKE_PREFIX_PATH=/home/stywestern/ros2_ws_python/install/my_robot_controller:/opt/ros/humble /usr/bin/cmake --build /home/stywestern/defence_ws/build/turret_control -- -j20 -l20
[8.203s] Invoking command in '/home/stywestern/defence_ws/build/turret_control': CMAKE_PREFIX_PATH=/home/stywestern/ros2_ws_python/install/my_robot_controller:/opt/ros/humble /usr/bin/cmake --install /home/stywestern/defence_ws/build/turret_control
[8.209s] -- Install configuration: ""
[8.209s] -- Execute custom install script
[8.210s] -- Up-to-date symlink: /home/stywestern/defence_ws/install/turret_control/lib/turret_control/turret_node
[8.211s] -- Up-to-date symlink: /home/stywestern/defence_ws/install/turret_control/share/ament_index/resource_index/package_run_dependencies/turret_control
[8.211s] -- Up-to-date symlink: /home/stywestern/defence_ws/install/turret_control/share/ament_index/resource_index/parent_prefix_path/turret_control
[8.211s] -- Up-to-date symlink: /home/stywestern/defence_ws/install/turret_control/share/turret_control/environment/ament_prefix_path.sh
[8.212s] -- Up-to-date symlink: /home/stywestern/defence_ws/install/turret_control/share/turret_control/environment/ament_prefix_path.dsv
[8.212s] -- Up-to-date symlink: /home/stywestern/defence_ws/install/turret_control/share/turret_control/environment/path.sh
[8.213s] -- Up-to-date symlink: /home/stywestern/defence_ws/install/turret_control/share/turret_control/environment/path.dsv
[8.213s] -- Up-to-date symlink: /home/stywestern/defence_ws/install/turret_control/share/turret_control/local_setup.bash
[8.213s] -- Up-to-date symlink: /home/stywestern/defence_ws/install/turret_control/share/turret_control/local_setup.sh
[8.214s] -- Up-to-date symlink: /home/stywestern/defence_ws/install/turret_control/share/turret_control/local_setup.zsh
[8.214s] -- Up-to-date symlink: /home/stywestern/defence_ws/install/turret_control/share/turret_control/local_setup.dsv
[8.214s] -- Symlinking: /home/stywestern/defence_ws/install/turret_control/share/turret_control/package.dsv
[8.222s] -- Up-to-date symlink: /home/stywestern/defence_ws/install/turret_control/share/ament_index/resource_index/packages/turret_control
[8.223s] -- Up-to-date symlink: /home/stywestern/defence_ws/install/turret_control/share/turret_control/cmake/turret_controlConfig.cmake
[8.223s] -- Up-to-date symlink: /home/stywestern/defence_ws/install/turret_control/share/turret_control/cmake/turret_controlConfig-version.cmake
[8.223s] -- Up-to-date symlink: /home/stywestern/defence_ws/install/turret_control/share/turret_control/package.xml
[8.225s] Invoked command in '/home/stywestern/defence_ws/build/turret_control' returned '0': CMAKE_PREFIX_PATH=/home/stywestern/ros2_ws_python/install/my_robot_controller:/opt/ros/humble /usr/bin/cmake --install /home/stywestern/defence_ws/build/turret_control
