[0.138s] DEBUG:colcon:Command line arguments: ['/usr/bin/colcon', 'build', '--symlink-install', '--cmake-args', '-DCMAKE_EXPORT_COMPILE_COMMANDS=ON']
[0.139s] DEBUG:colcon:Parsed command line arguments: Namespace(log_base=None, log_level=None, verb_name='build', build_base='build', install_base='install', merge_install=False, symlink_install=True, test_result_base=None, continue_on_error=False, executor='parallel', parallel_workers=20, event_handlers=None, ignore_user_meta=False, metas=['./colcon.meta'], base_paths=['.'], packages_ignore=None, packages_ignore_regex=None, paths=None, packages_up_to=None, packages_up_to_regex=None, packages_above=None, packages_above_and_dependencies=None, packages_above_depth=None, packages_select_by_dep=None, packages_skip_by_dep=None, packages_skip_up_to=None, packages_select_build_failed=False, packages_skip_build_finished=False, packages_select_test_failures=False, packages_skip_test_passed=False, packages_select=None, packages_skip=None, packages_select_regex=None, packages_skip_regex=None, packages_start=None, packages_end=None, allow_overriding=[], cmake_args=['-DCMAKE_EXPORT_COMPILE_COMMANDS=ON'], cmake_target=None, cmake_target_skip_unavailable=False, cmake_clean_cache=False, cmake_clean_first=False, cmake_force_configure=False, ament_cmake_args=None, catkin_cmake_args=None, catkin_skip_building_tests=False, verb_parser=<colcon_defaults.argument_parser.defaults.DefaultArgumentsDecorator object at 0x74ef4511b490>, verb_extension=<colcon_core.verb.build.BuildVerb object at 0x74ef4511ae90>, main=<bound method BuildVerb.main of <colcon_core.verb.build.BuildVerb object at 0x74ef4511ae90>>)
[0.388s] Level 1:colcon.colcon_core.package_discovery:discover_packages(colcon_meta) check parameters
[0.388s] Level 1:colcon.colcon_core.package_discovery:discover_packages(recursive) check parameters
[0.388s] Level 1:colcon.colcon_core.package_discovery:discover_packages(ignore) check parameters
[0.388s] Level 1:colcon.colcon_core.package_discovery:discover_packages(path) check parameters
[0.388s] Level 1:colcon.colcon_core.package_discovery:discover_packages(colcon_meta) discover
[0.388s] Level 1:colcon.colcon_core.package_discovery:discover_packages(recursive) discover
[0.389s] INFO:colcon.colcon_core.package_discovery:Crawling recursively for packages in '/home/stywestern/defence_ws'
[0.389s] Level 1:colcon.colcon_core.package_identification:_identify(.) by extensions ['ignore', 'ignore_ament_install']
[0.389s] Level 1:colcon.colcon_core.package_identification:_identify(.) by extension 'ignore'
[0.389s] Level 1:colcon.colcon_core.package_identification:_identify(.) by extension 'ignore_ament_install'
[0.389s] Level 1:colcon.colcon_core.package_identification:_identify(.) by extensions ['colcon_pkg']
[0.389s] Level 1:colcon.colcon_core.package_identification:_identify(.) by extension 'colcon_pkg'
[0.389s] Level 1:colcon.colcon_core.package_identification:_identify(.) by extensions ['colcon_meta']
[0.389s] Level 1:colcon.colcon_core.package_identification:_identify(.) by extension 'colcon_meta'
[0.389s] Level 1:colcon.colcon_core.package_identification:_identify(.) by extensions ['ros']
[0.389s] Level 1:colcon.colcon_core.package_identification:_identify(.) by extension 'ros'
[0.401s] Level 1:colcon.colcon_core.package_identification:_identify(.) by extensions ['cmake', 'python']
[0.401s] Level 1:colcon.colcon_core.package_identification:_identify(.) by extension 'cmake'
[0.401s] Level 1:colcon.colcon_core.package_identification:_identify(.) by extension 'python'
[0.401s] Level 1:colcon.colcon_core.package_identification:_identify(.) by extensions ['python_setup_py']
[0.401s] Level 1:colcon.colcon_core.package_identification:_identify(.) by extension 'python_setup_py'
[0.401s] Level 1:colcon.colcon_core.package_identification:_identify(build) by extensions ['ignore', 'ignore_ament_install']
[0.402s] Level 1:colcon.colcon_core.package_identification:_identify(build) by extension 'ignore'
[0.402s] Level 1:colcon.colcon_core.package_identification:_identify(build) ignored
[0.402s] Level 1:colcon.colcon_core.package_identification:_identify(install) by extensions ['ignore', 'ignore_ament_install']
[0.402s] Level 1:colcon.colcon_core.package_identification:_identify(install) by extension 'ignore'
[0.402s] Level 1:colcon.colcon_core.package_identification:_identify(install) ignored
[0.402s] Level 1:colcon.colcon_core.package_identification:_identify(log) by extensions ['ignore', 'ignore_ament_install']
[0.403s] Level 1:colcon.colcon_core.package_identification:_identify(log) by extension 'ignore'
[0.403s] Level 1:colcon.colcon_core.package_identification:_identify(log) ignored
[0.403s] Level 1:colcon.colcon_core.package_identification:_identify(src) by extensions ['ignore', 'ignore_ament_install']
[0.403s] Level 1:colcon.colcon_core.package_identification:_identify(src) by extension 'ignore'
[0.403s] Level 1:colcon.colcon_core.package_identification:_identify(src) by extension 'ignore_ament_install'
[0.403s] Level 1:colcon.colcon_core.package_identification:_identify(src) by extensions ['colcon_pkg']
[0.403s] Level 1:colcon.colcon_core.package_identification:_identify(src) by extension 'colcon_pkg'
[0.403s] Level 1:colcon.colcon_core.package_identification:_identify(src) by extensions ['colcon_meta']
[0.404s] Level 1:colcon.colcon_core.package_identification:_identify(src) by extension 'colcon_meta'
[0.404s] Level 1:colcon.colcon_core.package_identification:_identify(src) by extensions ['ros']
[0.404s] Level 1:colcon.colcon_core.package_identification:_identify(src) by extension 'ros'
[0.404s] Level 1:colcon.colcon_core.package_identification:_identify(src) by extensions ['cmake', 'python']
[0.404s] Level 1:colcon.colcon_core.package_identification:_identify(src) by extension 'cmake'
[0.404s] Level 1:colcon.colcon_core.package_identification:_identify(src) by extension 'python'
[0.404s] Level 1:colcon.colcon_core.package_identification:_identify(src) by extensions ['python_setup_py']
[0.404s] Level 1:colcon.colcon_core.package_identification:_identify(src) by extension 'python_setup_py'
[0.404s] Level 1:colcon.colcon_core.package_identification:_identify(src/turret_control) by extensions ['ignore', 'ignore_ament_install']
[0.404s] Level 1:colcon.colcon_core.package_identification:_identify(src/turret_control) by extension 'ignore'
[0.404s] Level 1:colcon.colcon_core.package_identification:_identify(src/turret_control) by extension 'ignore_ament_install'
[0.404s] Level 1:colcon.colcon_core.package_identification:_identify(src/turret_control) by extensions ['colcon_pkg']
[0.404s] Level 1:colcon.colcon_core.package_identification:_identify(src/turret_control) by extension 'colcon_pkg'
[0.404s] Level 1:colcon.colcon_core.package_identification:_identify(src/turret_control) by extensions ['colcon_meta']
[0.404s] Level 1:colcon.colcon_core.package_identification:_identify(src/turret_control) by extension 'colcon_meta'
[0.404s] Level 1:colcon.colcon_core.package_identification:_identify(src/turret_control) by extensions ['ros']
[0.404s] Level 1:colcon.colcon_core.package_identification:_identify(src/turret_control) by extension 'ros'
[0.408s] DEBUG:colcon.colcon_core.package_identification:Package 'src/turret_control' with type 'ros.ament_cmake' and name 'turret_control'
[0.408s] Level 1:colcon.colcon_core.package_discovery:discover_packages(recursive) using defaults
[0.409s] Level 1:colcon.colcon_core.package_discovery:discover_packages(ignore) discover
[0.409s] Level 1:colcon.colcon_core.package_discovery:discover_packages(ignore) using defaults
[0.409s] Level 1:colcon.colcon_core.package_discovery:discover_packages(path) discover
[0.409s] Level 1:colcon.colcon_core.package_discovery:discover_packages(path) using defaults
[0.434s] Level 1:colcon.colcon_core.package_discovery:discover_packages(prefix_path) check parameters
[0.434s] Level 1:colcon.colcon_core.package_discovery:discover_packages(prefix_path) discover
[0.437s] DEBUG:colcon.colcon_installed_package_information.package_discovery:Found 1 installed packages in /home/stywestern/ros2_ws_python/install
[0.438s] DEBUG:colcon.colcon_installed_package_information.package_discovery:Found 271 installed packages in /opt/ros/humble
[0.440s] Level 1:colcon.colcon_core.package_discovery:discover_packages(prefix_path) using defaults
[0.476s] Level 5:colcon.colcon_core.verb:set package 'turret_control' build argument 'cmake_args' from command line to '['-DCMAKE_EXPORT_COMPILE_COMMANDS=ON']'
[0.476s] Level 5:colcon.colcon_core.verb:set package 'turret_control' build argument 'cmake_target' from command line to 'None'
[0.476s] Level 5:colcon.colcon_core.verb:set package 'turret_control' build argument 'cmake_target_skip_unavailable' from command line to 'False'
[0.476s] Level 5:colcon.colcon_core.verb:set package 'turret_control' build argument 'cmake_clean_cache' from command line to 'False'
[0.476s] Level 5:colcon.colcon_core.verb:set package 'turret_control' build argument 'cmake_clean_first' from command line to 'False'
[0.476s] Level 5:colcon.colcon_core.verb:set package 'turret_control' build argument 'cmake_force_configure' from command line to 'False'
[0.476s] Level 5:colcon.colcon_core.verb:set package 'turret_control' build argument 'ament_cmake_args' from command line to 'None'
[0.476s] Level 5:colcon.colcon_core.verb:set package 'turret_control' build argument 'catkin_cmake_args' from command line to 'None'
[0.476s] Level 5:colcon.colcon_core.verb:set package 'turret_control' build argument 'catkin_skip_building_tests' from command line to 'False'
[0.476s] DEBUG:colcon.colcon_core.verb:Building package 'turret_control' with the following arguments: {'ament_cmake_args': None, 'build_base': '/home/stywestern/defence_ws/build/turret_control', 'catkin_cmake_args': None, 'catkin_skip_building_tests': False, 'cmake_args': ['-DCMAKE_EXPORT_COMPILE_COMMANDS=ON'], 'cmake_clean_cache': False, 'cmake_clean_first': False, 'cmake_force_configure': False, 'cmake_target': None, 'cmake_target_skip_unavailable': False, 'install_base': '/home/stywestern/defence_ws/install/turret_control', 'merge_install': False, 'path': '/home/stywestern/defence_ws/src/turret_control', 'symlink_install': True, 'test_result_base': None}
[0.476s] INFO:colcon.colcon_core.executor:Executing jobs using 'parallel' executor
[0.477s] DEBUG:colcon.colcon_parallel_executor.executor.parallel:run_until_complete
[0.477s] INFO:colcon.colcon_ros.task.ament_cmake.build:Building ROS package in '/home/stywestern/defence_ws/src/turret_control' with build type 'ament_cmake'
[0.478s] INFO:colcon.colcon_cmake.task.cmake.build:Building CMake package in '/home/stywestern/defence_ws/src/turret_control'
[0.482s] INFO:colcon.colcon_core.plugin_system:Skipping extension 'colcon_core.shell.bat': Not used on non-Windows systems
[0.483s] INFO:colcon.colcon_core.shell:Skip shell extension 'powershell' for command environment: Not usable outside of PowerShell
[0.483s] DEBUG:colcon.colcon_core.shell:Skip shell extension 'dsv' for command environment
[0.493s] DEBUG:colcon.colcon_core.event_handler.log_command:Invoking command in '/home/stywestern/defence_ws/build/turret_control': CMAKE_PREFIX_PATH=/home/stywestern/ros2_ws_python/install/my_robot_controller:/opt/ros/humble /usr/bin/cmake /home/stywestern/defence_ws/src/turret_control -DCMAKE_EXPORT_COMPILE_COMMANDS=ON -DAMENT_CMAKE_SYMLINK_INSTALL=1 -DCMAKE_INSTALL_PREFIX=/home/stywestern/defence_ws/install/turret_control
[6.577s] DEBUG:colcon.colcon_core.event_handler.log_command:Invoked command in '/home/stywestern/defence_ws/build/turret_control' returned '0': CMAKE_PREFIX_PATH=/home/stywestern/ros2_ws_python/install/my_robot_controller:/opt/ros/humble /usr/bin/cmake /home/stywestern/defence_ws/src/turret_control -DCMAKE_EXPORT_COMPILE_COMMANDS=ON -DAMENT_CMAKE_SYMLINK_INSTALL=1 -DCMAKE_INSTALL_PREFIX=/home/stywestern/defence_ws/install/turret_control
[6.578s] DEBUG:colcon.colcon_core.event_handler.log_command:Invoking command in '/home/stywestern/defence_ws/build/turret_control': CMAKE_PREFIX_PATH=/home/stywestern/ros2_ws_python/install/my_robot_controller:/opt/ros/humble /usr/bin/cmake --build /home/stywestern/defence_ws/build/turret_control -- -j20 -l20
[6.773s] DEBUG:colcon.colcon_core.event_handler.log_command:Invoked command in '/home/stywestern/defence_ws/build/turret_control' returned '0': CMAKE_PREFIX_PATH=/home/stywestern/ros2_ws_python/install/my_robot_controller:/opt/ros/humble /usr/bin/cmake --build /home/stywestern/defence_ws/build/turret_control -- -j20 -l20
[6.783s] DEBUG:colcon.colcon_core.event_handler.log_command:Invoking command in '/home/stywestern/defence_ws/build/turret_control': CMAKE_PREFIX_PATH=/home/stywestern/ros2_ws_python/install/my_robot_controller:/opt/ros/humble /usr/bin/cmake --install /home/stywestern/defence_ws/build/turret_control
[6.905s] Level 1:colcon.colcon_core.environment:create_environment_scripts_only(turret_control)
[6.906s] DEBUG:colcon.colcon_core.event_handler.log_command:Invoked command in '/home/stywestern/defence_ws/build/turret_control' returned '0': CMAKE_PREFIX_PATH=/home/stywestern/ros2_ws_python/install/my_robot_controller:/opt/ros/humble /usr/bin/cmake --install /home/stywestern/defence_ws/build/turret_control
[6.913s] Level 1:colcon.colcon_core.environment:checking '/home/stywestern/defence_ws/install/turret_control' for CMake module files
[6.913s] Level 1:colcon.colcon_core.environment:checking '/home/stywestern/defence_ws/install/turret_control' for CMake config files
[6.913s] Level 1:colcon.colcon_core.shell:create_environment_hook('turret_control', 'cmake_prefix_path')
[6.914s] INFO:colcon.colcon_core.shell:Creating environment hook '/home/stywestern/defence_ws/install/turret_control/share/turret_control/hook/cmake_prefix_path.ps1'
[6.915s] INFO:colcon.colcon_core.shell:Creating environment descriptor '/home/stywestern/defence_ws/install/turret_control/share/turret_control/hook/cmake_prefix_path.dsv'
[6.916s] INFO:colcon.colcon_core.shell:Creating environment hook '/home/stywestern/defence_ws/install/turret_control/share/turret_control/hook/cmake_prefix_path.sh'
[6.917s] Level 1:colcon.colcon_core.environment:checking '/home/stywestern/defence_ws/install/turret_control/lib'
[6.917s] Level 1:colcon.colcon_core.environment:checking '/home/stywestern/defence_ws/install/turret_control/bin'
[6.917s] Level 1:colcon.colcon_core.environment:checking '/home/stywestern/defence_ws/install/turret_control/lib/pkgconfig/turret_control.pc'
[6.917s] Level 1:colcon.colcon_core.environment:checking '/home/stywestern/defence_ws/install/turret_control/lib/python3.10/site-packages'
[6.918s] Level 1:colcon.colcon_core.environment:checking '/home/stywestern/defence_ws/install/turret_control/bin'
[6.918s] INFO:colcon.colcon_core.shell:Creating package script '/home/stywestern/defence_ws/install/turret_control/share/turret_control/package.ps1'
[6.919s] INFO:colcon.colcon_core.shell:Creating package descriptor '/home/stywestern/defence_ws/install/turret_control/share/turret_control/package.dsv'
[6.920s] INFO:colcon.colcon_core.shell:Creating package script '/home/stywestern/defence_ws/install/turret_control/share/turret_control/package.sh'
[6.920s] INFO:colcon.colcon_core.shell:Creating package script '/home/stywestern/defence_ws/install/turret_control/share/turret_control/package.bash'
[6.921s] INFO:colcon.colcon_core.shell:Creating package script '/home/stywestern/defence_ws/install/turret_control/share/turret_control/package.zsh'
[6.922s] Level 1:colcon.colcon_core.environment:create_file_with_runtime_dependencies(/home/stywestern/defence_ws/install/turret_control/share/colcon-core/packages/turret_control)
[6.923s] Level 1:colcon.colcon_core.environment:create_environment_scripts_only(turret_control)
[6.924s] Level 1:colcon.colcon_core.environment:checking '/home/stywestern/defence_ws/install/turret_control' for CMake module files
[6.924s] Level 1:colcon.colcon_core.environment:checking '/home/stywestern/defence_ws/install/turret_control' for CMake config files
[6.924s] Level 1:colcon.colcon_core.shell:create_environment_hook('turret_control', 'cmake_prefix_path')
[6.924s] INFO:colcon.colcon_core.shell:Creating environment hook '/home/stywestern/defence_ws/install/turret_control/share/turret_control/hook/cmake_prefix_path.ps1'
[6.925s] INFO:colcon.colcon_core.shell:Creating environment descriptor '/home/stywestern/defence_ws/install/turret_control/share/turret_control/hook/cmake_prefix_path.dsv'
[6.925s] INFO:colcon.colcon_core.shell:Creating environment hook '/home/stywestern/defence_ws/install/turret_control/share/turret_control/hook/cmake_prefix_path.sh'
[6.926s] Level 1:colcon.colcon_core.environment:checking '/home/stywestern/defence_ws/install/turret_control/lib'
[6.926s] Level 1:colcon.colcon_core.environment:checking '/home/stywestern/defence_ws/install/turret_control/bin'
[6.926s] Level 1:colcon.colcon_core.environment:checking '/home/stywestern/defence_ws/install/turret_control/lib/pkgconfig/turret_control.pc'
[6.926s] Level 1:colcon.colcon_core.environment:checking '/home/stywestern/defence_ws/install/turret_control/lib/python3.10/site-packages'
[6.926s] Level 1:colcon.colcon_core.environment:checking '/home/stywestern/defence_ws/install/turret_control/bin'
[6.927s] INFO:colcon.colcon_core.shell:Creating package script '/home/stywestern/defence_ws/install/turret_control/share/turret_control/package.ps1'
[6.927s] INFO:colcon.colcon_core.shell:Creating package descriptor '/home/stywestern/defence_ws/install/turret_control/share/turret_control/package.dsv'
[6.928s] INFO:colcon.colcon_core.shell:Creating package script '/home/stywestern/defence_ws/install/turret_control/share/turret_control/package.sh'
[6.928s] INFO:colcon.colcon_core.shell:Creating package script '/home/stywestern/defence_ws/install/turret_control/share/turret_control/package.bash'
[6.928s] INFO:colcon.colcon_core.shell:Creating package script '/home/stywestern/defence_ws/install/turret_control/share/turret_control/package.zsh'
[6.929s] Level 1:colcon.colcon_core.environment:create_file_with_runtime_dependencies(/home/stywestern/defence_ws/install/turret_control/share/colcon-core/packages/turret_control)
[6.929s] DEBUG:colcon.colcon_parallel_executor.executor.parallel:closing loop
[6.929s] DEBUG:colcon.colcon_parallel_executor.executor.parallel:loop closed
[6.929s] DEBUG:colcon.colcon_parallel_executor.executor.parallel:run_until_complete finished with '0'
[6.929s] DEBUG:colcon.colcon_core.event_reactor:joining thread
[6.959s] INFO:colcon.colcon_core.plugin_system:Skipping extension 'colcon_notification.desktop_notification.notify_send': Could not find 'notify-send'
[6.960s] INFO:colcon.colcon_core.plugin_system:Skipping extension 'colcon_notification.desktop_notification.terminal_notifier': Not used on non-Darwin systems
[6.960s] INFO:colcon.colcon_core.plugin_system:Skipping extension 'colcon_notification.desktop_notification.win32': Not used on non-Windows systems
[6.960s] INFO:colcon.colcon_notification.desktop_notification:Sending desktop notification using 'notify2'
[6.961s] DEBUG:colcon.colcon_notification.desktop_notification.notify2:Failed to initialize notify2: org.freedesktop.DBus.Error.ServiceUnknown: The name org.freedesktop.Notifications was not provided by any .service files
[6.961s] DEBUG:colcon.colcon_core.event_reactor:joined thread
[6.961s] INFO:colcon.colcon_core.shell:Creating prefix script '/home/stywestern/defence_ws/install/local_setup.ps1'
[6.963s] INFO:colcon.colcon_core.shell:Creating prefix util module '/home/stywestern/defence_ws/install/_local_setup_util_ps1.py'
[6.964s] INFO:colcon.colcon_core.shell:Creating prefix chain script '/home/stywestern/defence_ws/install/setup.ps1'
[6.965s] INFO:colcon.colcon_core.shell:Creating prefix script '/home/stywestern/defence_ws/install/local_setup.sh'
[6.966s] INFO:colcon.colcon_core.shell:Creating prefix util module '/home/stywestern/defence_ws/install/_local_setup_util_sh.py'
[6.967s] INFO:colcon.colcon_core.shell:Creating prefix chain script '/home/stywestern/defence_ws/install/setup.sh'
[6.968s] INFO:colcon.colcon_core.shell:Creating prefix script '/home/stywestern/defence_ws/install/local_setup.bash'
[6.969s] INFO:colcon.colcon_core.shell:Creating prefix chain script '/home/stywestern/defence_ws/install/setup.bash'
[6.970s] INFO:colcon.colcon_core.shell:Creating prefix script '/home/stywestern/defence_ws/install/local_setup.zsh'
[6.970s] INFO:colcon.colcon_core.shell:Creating prefix chain script '/home/stywestern/defence_ws/install/setup.zsh'
