-- The C compiler identification is GNU 11.4.0
-- The CXX compiler identification is GNU 11.4.0
-- Detecting C compiler ABI info
-- Detecting C compiler ABI info - done
-- Check for working C compiler: /usr/bin/cc - skipped
-- Detecting C compile features
-- Detecting C compile features - done
-- Detecting CXX compiler ABI info
-- Detecting CXX compiler ABI info - done
-- Check for working CXX compiler: /usr/bin/c++ - skipped
-- Detecting CXX compile features
-- Detecting CXX compile features - done
-- Found ament_cmake: 1.3.12 (/opt/ros/humble/share/ament_cmake/cmake)
-- Found Python3: /usr/bin/python3 (found version "3.10.12") found components: Interpreter 
-- Override CMake install command with custom implementation using symlinks instead of copying resources
-- Found rclcpp: 16.0.16 (/opt/ros/humble/share/rclcpp/cmake)
-- Found rosidl_generator_c: 3.1.7 (/opt/ros/humble/share/rosidl_generator_c/cmake)
-- Found rosidl_adapter: 3.1.7 (/opt/ros/humble/share/rosidl_adapter/cmake)
-- Found rosidl_generator_cpp: 3.1.7 (/opt/ros/humble/share/rosidl_generator_cpp/cmake)
-- Using all available rosidl_typesupport_c: rosidl_typesupport_fastrtps_c;rosidl_typesupport_introspection_c
-- Using all available rosidl_typesupport_cpp: rosidl_typesupport_fastrtps_cpp;rosidl_typesupport_introspection_cpp
-- Found rmw_implementation_cmake: 6.1.2 (/opt/ros/humble/share/rmw_implementation_cmake/cmake)
-- Found rmw_fastrtps_cpp: 6.2.9 (/opt/ros/humble/share/rmw_fastrtps_cpp/cmake)
-- Found OpenSSL: /usr/lib/x86_64-linux-gnu/libcrypto.so (found version "3.0.2")  
-- Found FastRTPS: /opt/ros/humble/include  
-- Using RMW implementation 'rmw_fastrtps_cpp' as default
-- Looking for pthread.h
-- Looking for pthread.h - found
-- Performing Test CMAKE_HAVE_LIBC_PTHREAD
-- Performing Test CMAKE_HAVE_LIBC_PTHREAD - Success
-- Found Threads: TRUE  
-- Found rclcpp_action: 16.0.16 (/opt/ros/humble/share/rclcpp_action/cmake)
-- Found std_srvs: 4.9.0 (/opt/ros/humble/share/std_srvs/cmake)
-- Found rosidl_default_generators: 1.2.0 (/opt/ros/humble/share/rosidl_default_generators/cmake)
-- Found ament_cmake_ros: 0.10.0 (/opt/ros/humble/share/ament_cmake_ros/cmake)
-- Using all available rosidl_typesupport_c: rosidl_typesupport_fastrtps_c;rosidl_typesupport_introspection_c
-- Using all available rosidl_typesupport_cpp: rosidl_typesupport_fastrtps_cpp;rosidl_typesupport_introspection_cpp
-- Found PythonInterp: /usr/bin/python3 (found suitable version "3.10.12", minimum required is "3.6") 
-- Found python_cmake_module: 0.10.0 (/opt/ros/humble/share/python_cmake_module/cmake)
-- Found PythonLibs: /usr/lib/x86_64-linux-gnu/libpython3.10.so (found suitable version "3.10.12", minimum required is "3.5") 
-- Using PYTHON_EXECUTABLE: /usr/bin/python3
-- Using PYTHON_INCLUDE_DIRS: /usr/include/python3.10
-- Using PYTHON_LIBRARIES: /usr/lib/x86_64-linux-gnu/libpython3.10.so
-- Found PythonExtra: .so  
[0mCMake Deprecation Warning at /opt/ros/humble/share/rosidl_cmake/cmake/rosidl_target_interfaces.cmake:32 (message):
  Use rosidl_get_typesupport_target() and target_link_libraries() instead of
  rosidl_target_interfaces()
Call Stack (most recent call first):
  CMakeLists.txt:43 (rosidl_target_interfaces)

[0m
-- Found ament_lint_auto: 0.12.14 (/opt/ros/humble/share/ament_lint_auto/cmake)
-- Added test 'cppcheck' to perform static code analysis on C / C++ code
-- Configured cppcheck include dirs: $<BUILD_INTERFACE:/home/stywestern/defence_ws/src/turret_control/include>
-- Configured cppcheck exclude dirs and/or files: 
-- Added test 'lint_cmake' to check CMake code style
-- Added test 'uncrustify' to check C / C++ code style
-- Configured uncrustify additional arguments: 
-- Added test 'xmllint' to check XML markup files
-- Configuring done
-- Generating done
-- Build files have been written to: /home/stywestern/defence_ws/build/turret_control
[  3%] [34m[1mGenerating C code for ROS interfaces[0m
[  6%] [34m[1mGenerating C++ code for ROS interfaces[0m
[  6%] Built target ament_cmake_python_symlink_turret_control
running egg_info
creating turret_control.egg-info
writing turret_control.egg-info/PKG-INFO
writing dependency_links to turret_control.egg-info/dependency_links.txt
writing top-level names to turret_control.egg-info/top_level.txt
writing manifest file 'turret_control.egg-info/SOURCES.txt'
reading manifest file 'turret_control.egg-info/SOURCES.txt'
writing manifest file 'turret_control.egg-info/SOURCES.txt'
[  6%] Built target ament_cmake_python_build_turret_control_egg
[  6%] Built target turret_control__cpp
[  9%] [32mBuilding C object CMakeFiles/turret_control__rosidl_generator_c.dir/rosidl_generator_c/turret_control/action/detail/rotate_turret__functions.c.o[0m
[ 15%] [34m[1mGenerating C++ type support for eProsima Fast-RTPS[0m
[ 18%] [34m[1mGenerating C++ type support dispatch for ROS interfaces[0m
[ 18%] [34m[1mGenerating C++ introspection for ROS interfaces[0m
[ 21%] [32m[1mLinking C shared library libturret_control__rosidl_generator_c.so[0m
[ 21%] Built target turret_control__rosidl_generator_c
[ 24%] [34m[1mGenerating C introspection for ROS interfaces[0m
[ 27%] [34m[1mGenerating C type support for eProsima Fast-RTPS[0m
[ 30%] [34m[1mGenerating C type support dispatch for ROS interfaces[0m
[ 33%] [32mBuilding CXX object CMakeFiles/turret_control__rosidl_typesupport_cpp.dir/rosidl_typesupport_cpp/turret_control/action/rotate_turret__type_support.cpp.o[0m
[ 36%] [32mBuilding CXX object CMakeFiles/turret_control__rosidl_typesupport_introspection_cpp.dir/rosidl_typesupport_introspection_cpp/turret_control/action/detail/rotate_turret__type_support.cpp.o[0m
[ 39%] [32mBuilding CXX object CMakeFiles/turret_control__rosidl_typesupport_fastrtps_cpp.dir/rosidl_typesupport_fastrtps_cpp/turret_control/action/detail/dds_fastrtps/rotate_turret__type_support.cpp.o[0m
[ 42%] [32mBuilding CXX object CMakeFiles/turret_control__rosidl_typesupport_c.dir/rosidl_typesupport_c/turret_control/action/rotate_turret__type_support.cpp.o[0m
[ 45%] [32m[1mLinking CXX shared library libturret_control__rosidl_typesupport_c.so[0m
[ 48%] [32mBuilding C object CMakeFiles/turret_control__rosidl_typesupport_introspection_c.dir/rosidl_typesupport_introspection_c/turret_control/action/detail/rotate_turret__type_support.c.o[0m
[ 51%] [32mBuilding CXX object CMakeFiles/turret_control__rosidl_typesupport_fastrtps_c.dir/rosidl_typesupport_fastrtps_c/turret_control/action/detail/rotate_turret__type_support_c.cpp.o[0m
[ 54%] [32m[1mLinking C shared library libturret_control__rosidl_typesupport_introspection_c.so[0m
[ 54%] Built target turret_control__rosidl_typesupport_c
[ 54%] Built target turret_control__rosidl_typesupport_introspection_c
[ 57%] [32m[1mLinking CXX shared library libturret_control__rosidl_typesupport_cpp.so[0m
[ 60%] [32m[1mLinking CXX shared library libturret_control__rosidl_typesupport_introspection_cpp.so[0m
[ 60%] Built target turret_control__rosidl_typesupport_cpp
[ 63%] [32m[1mLinking CXX shared library libturret_control__rosidl_typesupport_fastrtps_cpp.so[0m
[ 66%] [32m[1mLinking CXX shared library libturret_control__rosidl_typesupport_fastrtps_c.so[0m
[ 66%] Built target turret_control__rosidl_typesupport_introspection_cpp
[ 66%] Built target turret_control__rosidl_typesupport_fastrtps_cpp
[ 66%] Built target turret_control__rosidl_typesupport_fastrtps_c
[ 66%] Built target turret_control
[ 69%] [32mBuilding CXX object CMakeFiles/turret_node.dir/src/turret_node.cpp.o[0m
[ 72%] [34m[1mGenerating Python code for ROS interfaces[0m
[ 72%] Built target turret_control__py
[ 75%] [32mBuilding C object CMakeFiles/turret_control__rosidl_generator_py.dir/rosidl_generator_py/turret_control/action/_rotate_turret_s.c.o[0m
[ 78%] [32m[1mLinking C shared library rosidl_generator_py/turret_control/libturret_control__rosidl_generator_py.so[0m
[ 78%] Built target turret_control__rosidl_generator_py
[ 81%] [32mBuilding C object CMakeFiles/turret_control__rosidl_typesupport_introspection_c__pyext.dir/rosidl_generator_py/turret_control/_turret_control_s.ep.rosidl_typesupport_introspection_c.c.o[0m
[ 84%] [32mBuilding C object CMakeFiles/turret_control__rosidl_typesupport_fastrtps_c__pyext.dir/rosidl_generator_py/turret_control/_turret_control_s.ep.rosidl_typesupport_fastrtps_c.c.o[0m
[ 87%] [32mBuilding C object CMakeFiles/turret_control__rosidl_typesupport_c__pyext.dir/rosidl_generator_py/turret_control/_turret_control_s.ep.rosidl_typesupport_c.c.o[0m
[ 90%] [32m[1mLinking C shared library rosidl_generator_py/turret_control/turret_control_s__rosidl_typesupport_introspection_c.cpython-310-x86_64-linux-gnu.so[0m
[ 93%] [32m[1mLinking C shared library rosidl_generator_py/turret_control/turret_control_s__rosidl_typesupport_fastrtps_c.cpython-310-x86_64-linux-gnu.so[0m
[ 96%] [32m[1mLinking C shared library rosidl_generator_py/turret_control/turret_control_s__rosidl_typesupport_c.cpython-310-x86_64-linux-gnu.so[0m
[ 96%] Built target turret_control__rosidl_typesupport_fastrtps_c__pyext
[ 96%] Built target turret_control__rosidl_typesupport_introspection_c__pyext
[ 96%] Built target turret_control__rosidl_typesupport_c__pyext
[01m[K/home/stywestern/defence_ws/src/turret_control/src/turret_node.cpp:[m[K In constructor ‘[01m[KTurretNode::TurretNode()[m[K’:
[01m[K/home/stywestern/defence_ws/src/turret_control/src/turret_node.cpp:32:36:[m[K [01;31m[Kerror: [m[K‘[01m[Khandle_accepted[m[K’ is not a member of ‘[01m[KTurretNode[m[K’
   32 |             std::bind(&TurretNode::[01;31m[Khandle_accepted[m[K, this, std::placeholders::_1),
      |                                    [01;31m[K^~~~~~~~~~~~~~~[m[K
[01m[K/home/stywestern/defence_ws/src/turret_control/src/turret_node.cpp:33:10:[m[K [01;31m[Kerror: [m[Kexpected primary-expression before ‘[01m[K)[m[K’ token
   33 |          [01;31m[K)[m[K;
      |          [01;31m[K^[m[K
[01m[K/home/stywestern/defence_ws/src/turret_control/src/turret_node.cpp:[m[K In member function ‘[01m[Kvoid TurretNode::execute(std::shared_ptr<rclcpp_action::ServerGoalHandle<turret_control::action::RotateTurret> >)[m[K’:
[01m[K/home/stywestern/defence_ws/src/turret_control/src/turret_node.cpp:120:62:[m[K [01;31m[Kerror: [m[Kexpected ‘[01m[K;[m[K’ before ‘[01m[K,[m[K’ token
  120 |          RCLCPP_INFO(this->get_logger(), "Executing goal...")[01;31m[K,[m[K
      |                                                              [01;31m[K^[m[K
[01m[K/home/stywestern/defence_ws/src/turret_control/src/turret_node.cpp:120:62:[m[K [01;31m[Kerror: [m[Kexpected primary-expression before ‘[01m[K,[m[K’ token
[01m[K/home/stywestern/defence_ws/src/turret_control/src/turret_node.cpp:123:23:[m[K [01;31m[Kerror: [m[Kexpected primary-expression before ‘[01m[Kloop_rate[m[K’
  123 |          rclcpp::Rate [01;31m[Kloop_rate[m[K(10); // 10hz
      |                       [01;31m[K^~~~~~~~~[m[K
[01m[K/home/stywestern/defence_ws/src/turret_control/src/turret_node.cpp:152:13:[m[K [01;31m[Kerror: [m[K‘[01m[Kloop_rate[m[K’ was not declared in this scope
  152 |             [01;31m[Kloop_rate[m[K.sleep()
      |             [01;31m[K^~~~~~~~~[m[K
[01m[K/home/stywestern/defence_ws/src/turret_control/src/turret_node.cpp:160:10:[m[K [01;31m[Kerror: [m[Kexpected ‘[01m[K;[m[K’ before ‘[01m[K}[m[K’ token
  160 |          [01;31m[K}[m[K
      |          [01;31m[K^[m[K
gmake[2]: *** [CMakeFiles/turret_node.dir/build.make:76: CMakeFiles/turret_node.dir/src/turret_node.cpp.o] Error 1
gmake[1]: *** [CMakeFiles/Makefile2:594: CMakeFiles/turret_node.dir/all] Error 2
gmake: *** [Makefile:146: all] Error 2
