[0.015s] Invoking command in '/home/stywestern/defence_ws/build/turret_control': CMAKE_PREFIX_PATH=${CMAKE_PREFIX_PATH}:/home/stywestern/ros2_ws_python/install/my_robot_controller:/opt/ros/humble /usr/bin/cmake --build /home/stywestern/defence_ws/build/turret_control -- -j20 -l20
[0.082s] -- Found ament_cmake: 1.3.12 (/opt/ros/humble/share/ament_cmake/cmake)
[0.220s] -- Override CMake install command with custom implementation using symlinks instead of copying resources
[0.242s] -- Found rclcpp: 16.0.16 (/opt/ros/humble/share/rclcpp/cmake)
[0.395s] -- Found rosidl_generator_c: 3.1.7 (/opt/ros/humble/share/rosidl_generator_c/cmake)
[0.399s] -- Found rosidl_adapter: 3.1.7 (/opt/ros/humble/share/rosidl_adapter/cmake)
[0.409s] -- Found rosidl_generator_cpp: 3.1.7 (/opt/ros/humble/share/rosidl_generator_cpp/cmake)
[0.423s] -- Using all available rosidl_typesupport_c: rosidl_typesupport_fastrtps_c;rosidl_typesupport_introspection_c
[0.442s] -- Using all available rosidl_typesupport_cpp: rosidl_typesupport_fastrtps_cpp;rosidl_typesupport_introspection_cpp
[0.497s] -- Found rmw_implementation_cmake: 6.1.2 (/opt/ros/humble/share/rmw_implementation_cmake/cmake)
[0.499s] -- Found rmw_fastrtps_cpp: 6.2.9 (/opt/ros/humble/share/rmw_fastrtps_cpp/cmake)
[5.196s] -- Using RMW implementation 'rmw_fastrtps_cpp' as default
[5.297s] -- Found ament_lint_auto: 0.12.14 (/opt/ros/humble/share/ament_lint_auto/cmake)
[5.373s] -- Added test 'cppcheck' to perform static code analysis on C / C++ code
[5.373s] -- Configured cppcheck include dirs: $<BUILD_INTERFACE:/home/stywestern/defence_ws/src/turret_control/include>
[5.373s] -- Configured cppcheck exclude dirs and/or files: 
[5.374s] -- Added test 'lint_cmake' to check CMake code style
[5.375s] -- Added test 'uncrustify' to check C / C++ code style
[5.375s] -- Configured uncrustify additional arguments: 
[5.375s] -- Added test 'xmllint' to check XML markup files
[5.377s] -- Configuring done
[5.391s] -- Generating done
[5.395s] -- Build files have been written to: /home/stywestern/defence_ws/build/turret_control
[5.423s] [35m[1mConsolidate compiler generated dependencies of target turret_node[0m
[5.438s] [ 50%] [32mBuilding CXX object CMakeFiles/turret_node.dir/src/turret_node.cpp.o[0m
[9.752s] [100%] [32m[1mLinking CXX executable turret_node[0m
[10.010s] [100%] Built target turret_node
[10.021s] Invoked command in '/home/stywestern/defence_ws/build/turret_control' returned '0': CMAKE_PREFIX_PATH=${CMAKE_PREFIX_PATH}:/home/stywestern/ros2_ws_python/install/my_robot_controller:/opt/ros/humble /usr/bin/cmake --build /home/stywestern/defence_ws/build/turret_control -- -j20 -l20
[10.031s] Invoking command in '/home/stywestern/defence_ws/build/turret_control': CMAKE_PREFIX_PATH=${CMAKE_PREFIX_PATH}:/home/stywestern/ros2_ws_python/install/my_robot_controller:/opt/ros/humble /usr/bin/cmake --install /home/stywestern/defence_ws/build/turret_control
[10.036s] -- Install configuration: ""
[10.037s] -- Execute custom install script
[10.038s] -- Up-to-date symlink: /home/stywestern/defence_ws/install/turret_control/lib/turret_control/turret_node
[10.038s] -- Up-to-date symlink: /home/stywestern/defence_ws/install/turret_control/share/ament_index/resource_index/package_run_dependencies/turret_control
[10.038s] -- Up-to-date symlink: /home/stywestern/defence_ws/install/turret_control/share/ament_index/resource_index/parent_prefix_path/turret_control
[10.039s] -- Up-to-date symlink: /home/stywestern/defence_ws/install/turret_control/share/turret_control/environment/ament_prefix_path.sh
[10.039s] -- Up-to-date symlink: /home/stywestern/defence_ws/install/turret_control/share/turret_control/environment/ament_prefix_path.dsv
[10.040s] -- Up-to-date symlink: /home/stywestern/defence_ws/install/turret_control/share/turret_control/environment/path.sh
[10.040s] -- Up-to-date symlink: /home/stywestern/defence_ws/install/turret_control/share/turret_control/environment/path.dsv
[10.041s] -- Up-to-date symlink: /home/stywestern/defence_ws/install/turret_control/share/turret_control/local_setup.bash
[10.041s] -- Up-to-date symlink: /home/stywestern/defence_ws/install/turret_control/share/turret_control/local_setup.sh
[10.042s] -- Up-to-date symlink: /home/stywestern/defence_ws/install/turret_control/share/turret_control/local_setup.zsh
[10.042s] -- Up-to-date symlink: /home/stywestern/defence_ws/install/turret_control/share/turret_control/local_setup.dsv
[10.042s] -- Symlinking: /home/stywestern/defence_ws/install/turret_control/share/turret_control/package.dsv
[10.051s] -- Up-to-date symlink: /home/stywestern/defence_ws/install/turret_control/share/ament_index/resource_index/packages/turret_control
[10.052s] -- Up-to-date symlink: /home/stywestern/defence_ws/install/turret_control/share/turret_control/cmake/turret_controlConfig.cmake
[10.052s] -- Up-to-date symlink: /home/stywestern/defence_ws/install/turret_control/share/turret_control/cmake/turret_controlConfig-version.cmake
[10.052s] -- Up-to-date symlink: /home/stywestern/defence_ws/install/turret_control/share/turret_control/package.xml
[10.055s] Invoked command in '/home/stywestern/defence_ws/build/turret_control' returned '0': CMAKE_PREFIX_PATH=${CMAKE_PREFIX_PATH}:/home/stywestern/ros2_ws_python/install/my_robot_controller:/opt/ros/humble /usr/bin/cmake --install /home/stywestern/defence_ws/build/turret_control
