-- Found ament_cmake: 1.3.12 (/opt/ros/humble/share/ament_cmake/cmake)
-- Override CMake install command with custom implementation using symlinks instead of copying resources
-- Found rclcpp: 16.0.16 (/opt/ros/humble/share/rclcpp/cmake)
-- Found rosidl_generator_c: 3.1.7 (/opt/ros/humble/share/rosidl_generator_c/cmake)
-- Found rosidl_adapter: 3.1.7 (/opt/ros/humble/share/rosidl_adapter/cmake)
-- Found rosidl_generator_cpp: 3.1.7 (/opt/ros/humble/share/rosidl_generator_cpp/cmake)
-- Using all available rosidl_typesupport_c: rosidl_typesupport_fastrtps_c;rosidl_typesupport_introspection_c
-- Using all available rosidl_typesupport_cpp: rosidl_typesupport_fastrtps_cpp;rosidl_typesupport_introspection_cpp
-- Found rmw_implementation_cmake: 6.1.2 (/opt/ros/humble/share/rmw_implementation_cmake/cmake)
-- Found rmw_fastrtps_cpp: 6.2.9 (/opt/ros/humble/share/rmw_fastrtps_cpp/cmake)
-- Using RMW implementation 'rmw_fastrtps_cpp' as default
-- Found rclcpp_action: 16.0.16 (/opt/ros/humble/share/rclcpp_action/cmake)
-- Found std_srvs: 4.9.0 (/opt/ros/humble/share/std_srvs/cmake)
-- Found rosidl_default_generators: 1.2.0 (/opt/ros/humble/share/rosidl_default_generators/cmake)
-- Found ament_cmake_ros: 0.10.0 (/opt/ros/humble/share/ament_cmake_ros/cmake)
-- Using all available rosidl_typesupport_c: rosidl_typesupport_fastrtps_c;rosidl_typesupport_introspection_c
-- Using all available rosidl_typesupport_cpp: rosidl_typesupport_fastrtps_cpp;rosidl_typesupport_introspection_cpp
-- Found python_cmake_module: 0.10.0 (/opt/ros/humble/share/python_cmake_module/cmake)
-- Using PYTHON_EXECUTABLE: /usr/bin/python3
-- Using PYTHON_INCLUDE_DIRS: /usr/include/python3.10
-- Using PYTHON_LIBRARIES: /usr/lib/x86_64-linux-gnu/libpython3.10.so
-- Found ament_lint_auto: 0.12.14 (/opt/ros/humble/share/ament_lint_auto/cmake)
-- Added test 'cppcheck' to perform static code analysis on C / C++ code
-- Configured cppcheck include dirs: $<BUILD_INTERFACE:/home/stywestern/defence_ws/src/turret_control/include>
-- Configured cppcheck exclude dirs and/or files: 
-- Added test 'lint_cmake' to check CMake code style
-- Added test 'uncrustify' to check C / C++ code style
-- Configured uncrustify additional arguments: 
-- Added test 'xmllint' to check XML markup files
-- Configuring done
-- Generating done
-- Build files have been written to: /home/stywestern/defence_ws/build/turret_control
[35m[1mConsolidate compiler generated dependencies of target turret_control__rosidl_generator_c[0m
[  3%] Built target turret_control__cpp
[ 12%] Built target turret_control__rosidl_generator_c
[ 12%] Built target ament_cmake_python_symlink_turret_control
[35m[1mConsolidate compiler generated dependencies of target turret_control__rosidl_typesupport_cpp[0m
[35m[1mConsolidate compiler generated dependencies of target turret_control__rosidl_typesupport_introspection_cpp[0m
[35m[1mConsolidate compiler generated dependencies of target turret_control__rosidl_typesupport_fastrtps_cpp[0m
[35m[1mConsolidate compiler generated dependencies of target turret_control__rosidl_typesupport_introspection_c[0m
[35m[1mConsolidate compiler generated dependencies of target turret_control__rosidl_typesupport_c[0m
[35m[1mConsolidate compiler generated dependencies of target turret_control__rosidl_typesupport_fastrtps_c[0m
[ 21%] Built target turret_control__rosidl_typesupport_cpp
[ 30%] Built target turret_control__rosidl_typesupport_introspection_cpp
[ 39%] Built target turret_control__rosidl_typesupport_fastrtps_cpp
[ 48%] Built target turret_control__rosidl_typesupport_c
[ 57%] Built target turret_control__rosidl_typesupport_fastrtps_c
[ 66%] Built target turret_control__rosidl_typesupport_introspection_c
[35m[1mConsolidate compiler generated dependencies of target turret_node[0m
[ 69%] [32mBuilding CXX object CMakeFiles/turret_node.dir/src/turret_node.cpp.o[0m
[ 69%] Built target turret_control
[ 72%] Built target turret_control__py
[35m[1mConsolidate compiler generated dependencies of target turret_control__rosidl_generator_py[0m
[ 78%] Built target turret_control__rosidl_generator_py
[35m[1mConsolidate compiler generated dependencies of target turret_control__rosidl_typesupport_fastrtps_c__pyext[0m
[35m[1mConsolidate compiler generated dependencies of target turret_control__rosidl_typesupport_c__pyext[0m
[35m[1mConsolidate compiler generated dependencies of target turret_control__rosidl_typesupport_introspection_c__pyext[0m
[ 84%] Built target turret_control__rosidl_typesupport_fastrtps_c__pyext
[ 90%] Built target turret_control__rosidl_typesupport_c__pyext
[ 96%] Built target turret_control__rosidl_typesupport_introspection_c__pyext
running egg_info
writing turret_control.egg-info/PKG-INFO
writing dependency_links to turret_control.egg-info/dependency_links.txt
writing top-level names to turret_control.egg-info/top_level.txt
reading manifest file 'turret_control.egg-info/SOURCES.txt'
writing manifest file 'turret_control.egg-info/SOURCES.txt'
[ 96%] Built target ament_cmake_python_build_turret_control_egg
[01m[K/home/stywestern/defence_ws/src/turret_control/src/turret_node.cpp:[m[K In member function ‘[01m[Kvoid TurretNode::execute(std::shared_ptr<rclcpp_action::ServerGoalHandle<turret_control::action::RotateTurret> >)[m[K’:
[01m[K/home/stywestern/defence_ws/src/turret_control/src/turret_node.cpp:153:10:[m[K [01;31m[Kerror: [m[Kexpected ‘[01m[K;[m[K’ before ‘[01m[K}[m[K’ token
  153 |          [01;31m[K}[m[K
      |          [01;31m[K^[m[K
[01m[K/home/stywestern/defence_ws/src/turret_control/src/turret_node.cpp:160:10:[m[K [01;31m[Kerror: [m[Kexpected ‘[01m[K;[m[K’ before ‘[01m[K}[m[K’ token
  160 |          [01;31m[K}[m[K
      |          [01;31m[K^[m[K
gmake[2]: *** [CMakeFiles/turret_node.dir/build.make:76: CMakeFiles/turret_node.dir/src/turret_node.cpp.o] Error 1
gmake[1]: *** [CMakeFiles/Makefile2:593: CMakeFiles/turret_node.dir/all] Error 2
gmake: *** [Makefile:146: all] Error 2
