[ 50%] [32mBuilding CXX object CMakeFiles/turret_node.dir/src/turret_node.cpp.o[0m
[100%] [32m[1mLinking CXX executable turret_node[0m
[100%] Built target turret_node
-- Install configuration: ""
-- Execute custom install script
-- Up-to-date symlink: /home/stywestern/defence_ws/install/turret_control/lib/turret_control/turret_node
-- Up-to-date symlink: /home/stywestern/defence_ws/install/turret_control/share/ament_index/resource_index/package_run_dependencies/turret_control
-- Up-to-date symlink: /home/stywestern/defence_ws/install/turret_control/share/ament_index/resource_index/parent_prefix_path/turret_control
-- Up-to-date symlink: /home/stywestern/defence_ws/install/turret_control/share/turret_control/environment/ament_prefix_path.sh
-- Up-to-date symlink: /home/stywestern/defence_ws/install/turret_control/share/turret_control/environment/ament_prefix_path.dsv
-- Up-to-date symlink: /home/stywestern/defence_ws/install/turret_control/share/turret_control/environment/path.sh
-- Up-to-date symlink: /home/stywestern/defence_ws/install/turret_control/share/turret_control/environment/path.dsv
-- Up-to-date symlink: /home/stywestern/defence_ws/install/turret_control/share/turret_control/local_setup.bash
-- Up-to-date symlink: /home/stywestern/defence_ws/install/turret_control/share/turret_control/local_setup.sh
-- Up-to-date symlink: /home/stywestern/defence_ws/install/turret_control/share/turret_control/local_setup.zsh
-- Up-to-date symlink: /home/stywestern/defence_ws/install/turret_control/share/turret_control/local_setup.dsv
-- Symlinking: /home/stywestern/defence_ws/install/turret_control/share/turret_control/package.dsv
-- Up-to-date symlink: /home/stywestern/defence_ws/install/turret_control/share/ament_index/resource_index/packages/turret_control
-- Up-to-date symlink: /home/stywestern/defence_ws/install/turret_control/share/turret_control/cmake/turret_controlConfig.cmake
-- Up-to-date symlink: /home/stywestern/defence_ws/install/turret_control/share/turret_control/cmake/turret_controlConfig-version.cmake
-- Up-to-date symlink: /home/stywestern/defence_ws/install/turret_control/share/turret_control/package.xml
