[0.019s] Invoking command in '/home/stywestern/defence_ws/build/turret_control': CMAKE_PREFIX_PATH=${CMAKE_PREFIX_PATH}:/home/stywestern/ros2_ws_python/install/my_robot_controller:/opt/ros/humble /usr/bin/cmake --build /home/stywestern/defence_ws/build/turret_control -- -j20 -l20
[0.098s] [35m[1mConsolidate compiler generated dependencies of target turret_node[0m
[0.115s] [100%] Built target turret_node
[0.127s] Invoked command in '/home/stywestern/defence_ws/build/turret_control' returned '0': CMAKE_PREFIX_PATH=${CMAKE_PREFIX_PATH}:/home/stywestern/ros2_ws_python/install/my_robot_controller:/opt/ros/humble /usr/bin/cmake --build /home/stywestern/defence_ws/build/turret_control -- -j20 -l20
[0.138s] Invoking command in '/home/stywestern/defence_ws/build/turret_control': CMAKE_PREFIX_PATH=${CMAKE_PREFIX_PATH}:/home/stywestern/ros2_ws_python/install/my_robot_controller:/opt/ros/humble /usr/bin/cmake --install /home/stywestern/defence_ws/build/turret_control
[0.145s] -- Install configuration: ""
[0.146s] -- Execute custom install script
[0.147s] -- Up-to-date symlink: /home/stywestern/defence_ws/install/turret_control/lib/turret_control/turret_node
[0.147s] -- Up-to-date symlink: /home/stywestern/defence_ws/install/turret_control/share/ament_index/resource_index/package_run_dependencies/turret_control
[0.148s] -- Up-to-date symlink: /home/stywestern/defence_ws/install/turret_control/share/ament_index/resource_index/parent_prefix_path/turret_control
[0.148s] -- Up-to-date symlink: /home/stywestern/defence_ws/install/turret_control/share/turret_control/environment/ament_prefix_path.sh
[0.149s] -- Up-to-date symlink: /home/stywestern/defence_ws/install/turret_control/share/turret_control/environment/ament_prefix_path.dsv
[0.149s] -- Up-to-date symlink: /home/stywestern/defence_ws/install/turret_control/share/turret_control/environment/path.sh
[0.149s] -- Up-to-date symlink: /home/stywestern/defence_ws/install/turret_control/share/turret_control/environment/path.dsv
[0.150s] -- Up-to-date symlink: /home/stywestern/defence_ws/install/turret_control/share/turret_control/local_setup.bash
[0.150s] -- Up-to-date symlink: /home/stywestern/defence_ws/install/turret_control/share/turret_control/local_setup.sh
[0.151s] -- Up-to-date symlink: /home/stywestern/defence_ws/install/turret_control/share/turret_control/local_setup.zsh
[0.152s] -- Up-to-date symlink: /home/stywestern/defence_ws/install/turret_control/share/turret_control/local_setup.dsv
[0.152s] -- Symlinking: /home/stywestern/defence_ws/install/turret_control/share/turret_control/package.dsv
[0.170s] -- Up-to-date symlink: /home/stywestern/defence_ws/install/turret_control/share/ament_index/resource_index/packages/turret_control
[0.170s] -- Up-to-date symlink: /home/stywestern/defence_ws/install/turret_control/share/turret_control/cmake/turret_controlConfig.cmake
[0.171s] -- Up-to-date symlink: /home/stywestern/defence_ws/install/turret_control/share/turret_control/cmake/turret_controlConfig-version.cmake
[0.171s] -- Up-to-date symlink: /home/stywestern/defence_ws/install/turret_control/share/turret_control/package.xml
[0.174s] Invoked command in '/home/stywestern/defence_ws/build/turret_control' returned '0': CMAKE_PREFIX_PATH=${CMAKE_PREFIX_PATH}:/home/stywestern/ros2_ws_python/install/my_robot_controller:/opt/ros/humble /usr/bin/cmake --install /home/stywestern/defence_ws/build/turret_control
