[0.019s] Invoking command in '/home/stywestern/defence_ws/build/turret_control': CMAKE_PREFIX_PATH=${CMAKE_PREFIX_PATH}:/home/stywestern/ros2_ws_python/install/my_robot_controller:/opt/ros/humble /usr/bin/cmake --build /home/stywestern/defence_ws/build/turret_control -- -j20 -l20
[0.095s] -- Found rosidl_default_generators: 1.2.0 (/opt/ros/humble/share/rosidl_default_generators/cmake)
[0.096s] -- Found ament_cmake_core: 1.3.12 (/opt/ros/humble/share/ament_cmake_core/cmake)
[0.233s] -- Override CMake install command with custom implementation using symlinks instead of copying resources
[0.239s] -- Using all available rosidl_typesupport_c: rosidl_typesupport_fastrtps_c;rosidl_typesupport_introspection_c
[0.245s] -- Found rosidl_adapter: 3.1.7 (/opt/ros/humble/share/rosidl_adapter/cmake)
[0.461s] -- Using all available rosidl_typesupport_cpp: rosidl_typesupport_fastrtps_cpp;rosidl_typesupport_introspection_cpp
[0.821s] -- Found ament_cmake_ros: 0.10.0 (/opt/ros/humble/share/ament_cmake_ros/cmake)
[1.006s] -- Using all available rosidl_typesupport_c: rosidl_typesupport_fastrtps_c;rosidl_typesupport_introspection_c
[1.253s] -- Using all available rosidl_typesupport_cpp: rosidl_typesupport_fastrtps_cpp;rosidl_typesupport_introspection_cpp
[1.276s] -- Found python_cmake_module: 0.10.0 (/opt/ros/humble/share/python_cmake_module/cmake)
[1.298s] -- Using PYTHON_EXECUTABLE: /usr/bin/python3
[1.298s] -- Using PYTHON_INCLUDE_DIRS: /usr/include/python3.10
[1.298s] -- Using PYTHON_LIBRARIES: /usr/lib/x86_64-linux-gnu/libpython3.10.so
[1.318s] -- Found rclcpp: 16.0.16 (/opt/ros/humble/share/rclcpp/cmake)
[1.361s] -- Found rmw_implementation_cmake: 6.1.2 (/opt/ros/humble/share/rmw_implementation_cmake/cmake)
[1.364s] -- Found rmw_fastrtps_cpp: 6.2.9 (/opt/ros/humble/share/rmw_fastrtps_cpp/cmake)
[5.648s] -- Using RMW implementation 'rmw_fastrtps_cpp' as default
[5.754s] -- Found std_srvs: 4.9.0 (/opt/ros/humble/share/std_srvs/cmake)
[5.776s] -- Found rclcpp_action: 16.0.16 (/opt/ros/humble/share/rclcpp_action/cmake)
[5.794s] -- Found ament_lint_auto: 0.12.14 (/opt/ros/humble/share/ament_lint_auto/cmake)
[5.821s] -- Added test 'cppcheck' to perform static code analysis on C / C++ code
[5.821s] -- Configured cppcheck include dirs: $<BUILD_INTERFACE:/home/stywestern/defence_ws/src/turret_control/include>
[5.821s] -- Configured cppcheck exclude dirs and/or files: 
[5.822s] -- Added test 'lint_cmake' to check CMake code style
[5.824s] -- Added test 'uncrustify' to check C / C++ code style
[5.824s] -- Configured uncrustify additional arguments: 
[5.824s] -- Added test 'xmllint' to check XML markup files
[5.829s] -- Configuring done
[5.904s] -- Generating done
[5.918s] -- Build files have been written to: /home/stywestern/defence_ws/build/turret_control
[5.946s] [35m[1mConsolidate compiler generated dependencies of target turret_control__rosidl_generator_c[0m
[5.947s] [35m[1mConsolidate compiler generated dependencies of target turret_node[0m
[5.954s] [  3%] Built target turret_control__cpp
[5.955s] [ 12%] Built target turret_control__rosidl_generator_c
[5.960s] [ 15%] [32mBuilding CXX object CMakeFiles/turret_node.dir/src/turret_node.cpp.o[0m
[5.961s] [ 15%] Built target ament_cmake_python_symlink_turret_control
[5.963s] [35m[1mConsolidate compiler generated dependencies of target turret_control__rosidl_typesupport_cpp[0m
[5.963s] [35m[1mConsolidate compiler generated dependencies of target turret_control__rosidl_typesupport_introspection_cpp[0m
[5.964s] [35m[1mConsolidate compiler generated dependencies of target turret_control__rosidl_typesupport_fastrtps_cpp[0m
[5.976s] [35m[1mConsolidate compiler generated dependencies of target turret_control__rosidl_typesupport_fastrtps_c[0m
[5.977s] [35m[1mConsolidate compiler generated dependencies of target turret_control__rosidl_typesupport_c[0m
[5.977s] [35m[1mConsolidate compiler generated dependencies of target turret_control__rosidl_typesupport_introspection_c[0m
[5.979s] [ 24%] Built target turret_control__rosidl_typesupport_cpp
[5.984s] [ 33%] Built target turret_control__rosidl_typesupport_fastrtps_cpp
[5.985s] [ 42%] Built target turret_control__rosidl_typesupport_introspection_cpp
[5.991s] [ 57%] Built target turret_control__rosidl_typesupport_c
[5.991s] [ 60%] Built target turret_control__rosidl_typesupport_introspection_c
[5.992s] [ 69%] Built target turret_control__rosidl_typesupport_fastrtps_c
[6.007s] [ 69%] Built target turret_control
[6.026s] [ 72%] Built target turret_control__py
[6.035s] [35m[1mConsolidate compiler generated dependencies of target turret_control__rosidl_generator_py[0m
[6.047s] [ 78%] Built target turret_control__rosidl_generator_py
[6.056s] [35m[1mConsolidate compiler generated dependencies of target turret_control__rosidl_typesupport_introspection_c__pyext[0m
[6.056s] [35m[1mConsolidate compiler generated dependencies of target turret_control__rosidl_typesupport_c__pyext[0m
[6.056s] [35m[1mConsolidate compiler generated dependencies of target turret_control__rosidl_typesupport_fastrtps_c__pyext[0m
[6.066s] [ 84%] Built target turret_control__rosidl_typesupport_introspection_c__pyext
[6.067s] [ 90%] Built target turret_control__rosidl_typesupport_fastrtps_c__pyext
[6.068s] [ 96%] Built target turret_control__rosidl_typesupport_c__pyext
[6.155s] running egg_info
[6.155s] writing turret_control.egg-info/PKG-INFO
[6.156s] writing dependency_links to turret_control.egg-info/dependency_links.txt
[6.156s] writing top-level names to turret_control.egg-info/top_level.txt
[6.160s] reading manifest file 'turret_control.egg-info/SOURCES.txt'
[6.160s] writing manifest file 'turret_control.egg-info/SOURCES.txt'
[6.182s] [ 96%] Built target ament_cmake_python_build_turret_control_egg
[6.237s] [01m[K/home/stywestern/defence_ws/src/turret_control/src/turret_node.cpp:12:10:[m[K [01;31m[Kfatal error: [m[Kturret_control/action/rotate_turret.hpp: No such file or directory
[6.237s]    12 | #include [01;31m[K"turret_control/action/rotate_turret.hpp"[m[K
[6.237s]       |          [01;31m[K^~~~~~~~~~~~~~~~~~~~~~~~~~~~~~~~~~~~~~~~~[m[K
[6.237s] compilation terminated.
[6.241s] gmake[2]: *** [CMakeFiles/turret_node.dir/build.make:76: CMakeFiles/turret_node.dir/src/turret_node.cpp.o] Error 1
[6.241s] gmake[1]: *** [CMakeFiles/Makefile2:592: CMakeFiles/turret_node.dir/all] Error 2
[6.241s] gmake: *** [Makefile:146: all] Error 2
[6.244s] Invoked command in '/home/stywestern/defence_ws/build/turret_control' returned '2': CMAKE_PREFIX_PATH=${CMAKE_PREFIX_PATH}:/home/stywestern/ros2_ws_python/install/my_robot_controller:/opt/ros/humble /usr/bin/cmake --build /home/stywestern/defence_ws/build/turret_control -- -j20 -l20
